
There are no discarded input sections

Memory Configuration

Name             Origin             Length             Attributes
*default*        0x00000000         0xffffffff

Linker script and memory map

                0x80429cf8                        instance__7StageC4 = 0x80429cf8
                0x8023b170                        GetResNodeNumEntries__Q34nw4r3g3d6ResMdlCFv = 0x8023b170
                0x801d5350                        MEMAllocFromAllocator = 0x801d5350
                0x8034e3f0                        __vt__Q34nw4r3g3d9AnmObjChr = 0x8034e3f0
                0x8034e2e8                        __vt__Q34nw4r3g3d12AnmObjChrRes = 0x8034e2e8
                0x802414a0                        GetAnmResult__Q34nw4r3g3d9ResAnmChrCFPQ34nw4r3g3d12ChrAnmResultUlf = 0x802414a0
                0x800d5d50                        StartAnimOrig = 0x800d5d50
                0x80141e40                        setCcData__8dAc_Py_cFv = 0x80141e40
                0x80141c40                        setCcDataDirect__8dAc_Py_cFv = 0x80141c40
                0x80142470                        setBcData__8dAc_Py_cFi = 0x80142470
                0x802cc290                        beginDebugDraw_Q23EGG12LightTextureFv = 0x802cc290
                0x80004030                        __set_debug_bba = 0x80004030
                0x80032ab0                        __sinit__d_a_en_kuribo_base_cpp__Fv = 0x80032ab0
                0x80150570                        setEatMouthCall__9daYoshi_cFP8dActor_c = 0x80150570
                0x8014f3a0                        setEatActorMouthIn__9daYoshi_cFv = 0x8014f3a0
                0x8014e990                        setRideOffPlayer__9daYoshi_cFv = 0x8014e990
                0x801397b0                        setRideOnYoshi__8dAc_Py_cFP9daYoshi_c = 0x801397b0
                0x8004ba50                        grandPowerSet__10daPlBase_cFv = 0x8004ba50
                0x8014b730                        YoshiStateOrig = 0x8014b730
                0x80234890                        Exception_Printf___Q24nw4r2dbFPCce = 0x80234890
                0x8154cce4                        MarPow = 0x8154cce4
                0x815472b4                        LuiPow = 0x815472b4
                0x8154459c                        YTPow = 0x8154459c
                0x81549fcc                        BTPow = 0x81549fcc
                0x80354ba0                        YoshiPtr = 0x80354ba0
                0x80839894                        ContinueFromFuckLineLiftActivation = 0x80839894
                0x809985f0                        GabonRock_DropOutState = 0x809985f0
                0x809985b0                        GabonRock_CrushState = 0x809985b0
                0x8001ded0                        forceHCGROPushBack = 0x8001ded0
                0x8001dec8                        continueFromHCGRO = 0x8001dec8
                0x804276ae                        DanceValues_AnimSpeed = 0x804276ae
                0x80429a89                        DanceValues_DummyBlockAndGrass = 0x80429a89
                0x80429a8a                        DanceValues_Bahps = 0x80429a8a
                0x80429a8b                        DanceValues_CreditsControl = 0x80429a8b
                0x80429f3f                        CreditsModeActive = 0x80429f3f
                0x800d9040                        GetRail = 0x800d9040
                0x80429d28                        instance__7Stage80 = 0x80429d28
                0x80060254                        continueAddToCoinCount = 0x80060254
                0x800b3544                        continueAddToScore = 0x800b3544
                0x800b5100                        StaffCreditsAddCoin = 0x800b5100
                0x802bc1d4                        ContinueFromEFBMagic2 = 0x802bc1d4
                0x80ab66a0                        TogeTekkyuIceballCollision = 0x80ab66a0
                0x8042a1c8                        _8042A788 = 0x8042a1c8
                0x8019c060                        sub_8019C390 = 0x8019c060
                0x80b8bc50                        StateID_Wait__24daEnBossKoopaDemoPeach_c = 0x80b8bc50
                0x80b8bc90                        StateID_Call__24daEnBossKoopaDemoPeach_c = 0x80b8bc90
                0x80b8bcd0                        StateID_Turn__24daEnBossKoopaDemoPeach_c = 0x80b8bcd0
                0x80b8bd10                        StateID_Open__24daEnBossKoopaDemoPeach_c = 0x80b8bd10
                0x80b8bd50                        StateID_Rescue__24daEnBossKoopaDemoPeach_c = 0x80b8bd50
                0x80b8bd90                        StateID_Thank__24daEnBossKoopaDemoPeach_c = 0x80b8bd90
                0x80301324                        __vt__12daBossDemo_c = 0x80301324
                0x8001ccb0                        onExecute__12daBossDemo_cFv = 0x8001ccb0
                0x8001ccf0                        onDraw__12daBossDemo_cFv = 0x8001ccf0
                0x8001cd00                        willBeDeleted__12daBossDemo_cFv = 0x8001cd00
                0x8001cd10                        onDelete__12daBossDemo_cFv = 0x8001cd10
                0x8001d190                        endState_BattleEdDemo__12daBossDemo_cFv = 0x8001d190
                0x8001d1a0                        executeState_BattleEdDemo__12daBossDemo_cFv = 0x8001d1a0
                0x8001d180                        beginState_BattleEdDemo__12daBossDemo_cFv = 0x8001d180
                0x8001d100                        endState_BattleIn__12daBossDemo_cFv = 0x8001d100
                0x8001d110                        executeState_BattleIn__12daBossDemo_cFv = 0x8001d110
                0x8001d090                        beginState_BattleIn__12daBossDemo_cFv = 0x8001d090
                0x8001d070                        endState_BattleStDemo__12daBossDemo_cFv = 0x8001d070
                0x8001d080                        executeState_BattleStDemo__12daBossDemo_cFv = 0x8001d080
                0x8001d060                        beginState_BattleStDemo__12daBossDemo_cFv = 0x8001d060
                0x8001cf60                        endState_Ready__12daBossDemo_cFv = 0x8001cf60
                0x8001cf70                        executeState_Ready__12daBossDemo_cFv = 0x8001cf70
                0x8001cf50                        beginState_Ready__12daBossDemo_cFv = 0x8001cf50
                0x8001ce00                        beatLevel__12daBossDemo_cFv = 0x8001ce00
                0x8001ce40                        exitLevel__12daBossDemo_cFv = 0x8001ce40
                0x80429aa8                        instance__19BalloonRelatedClass = 0x80429aa8
                0x802f1170                        PlayerAnimStates = 0x802f1170
                0x8011a500                        ContinueFromFixFireballSensorSetup = 0x8011a500
                0x800b37e0                        GetPosForLayoutEffect__FP7Point3db = 0x800b37e0
                0x80a11cac                        ContinueFromJustOneBomb = 0x80a11cac
                0x8015f300                        SmoothRotation__FPsss = 0x8015f300
                0x8081f1b0                        KazanRock_OriginalCollisionCallback = 0x8081f1b0
                0x8081ef20                        KazanRock_Explode = 0x8081ef20
                0x8005fb90                        GetPlayerOrYoshi__Fi = 0x8005fb90
                0x8005fb90                        findByID__10daPlBase_cFi = 0x8005fb90
                0x8005f900                        findByID__7dAcPy_cFi = 0x8005f900
                0x80051f30                        justFaceSpecificDirection__10daPlBase_cFi = 0x80051f30
                0x80052080                        moveInDirection__10daPlBase_cFPfPf = 0x80052080
                0x80139760                        getYoshi__7dAcPy_cFv = 0x80139760
                0x80052170                        setAnimePlayWithAnimID__10daPlBase_cFi = 0x80052170
                0x80052290                        setAnimePlayStandardType__10daPlBase_cFi = 0x80052290
                0x8005e3b0                        setFlag__14dPlayerInput_cFQ214dPlayerInput_c5Flags = 0x8005e3b0
                0x8005e910                        setPermanentForcedButtons__14dPlayerInput_cFUi = 0x8005e910
                0x8005e960                        setTransientForcedButtons__14dPlayerInput_cFUi = 0x8005e960
                0x8005e930                        unsetPermanentForcedButtons__14dPlayerInput_cFUi = 0x8005e930
                0x80056c70                        setFlag__10daPlBase_cFi = 0x80056c70
                0x80056cb0                        clearFlag__10daPlBase_cFi = 0x80056cb0
                0x80056cf0                        testFlag__10daPlBase_cFi = 0x80056cf0
                0x80052030                        isReadyForDemoControlAction__10daPlBase_cFv = 0x80052030
                0x80429e20                        instance__15dWaterManager_c = 0x80429e20
                0x800eb8b0                        queryPosition__15dWaterManager_cFP7Point2dP7Point2dPfPsi = 0x800eb8b0
                0x800a0c70                        OriginalPowBlockActivated = 0x800a0c70
                0x80002eee                        isReplayEnabled = 0x80002eee
                0x800b44d0                        UpdateSelectCursor = 0x800b44d0
                0x8010c700                        HideSelectCursor = 0x8010c700
                0x80429fe8                        SelectCursorPointer = 0x80429fe8
                0x807af920                        getIconPictureIDforPlayer__12dStockItem_cFi = 0x807af920
                0x800b32e0                        CrapUpPositions__FP7Point3dPC7Point3d = 0x800b32e0
                0x800fc894                        ContinueFromCalcPowerupResult = 0x800fc894
                0x800fc85c                        ContinueFromFixCalcPowerupResultForMushroom = 0x800fc85c
                0x807af738                        ContinueFromSILayoutExtraStuffs = 0x807af738
                0x807b08cc                        ContinueFromResetHammerAnimOnOpen = 0x807b08cc
                0x807af5d0                        ContinueFromHideItemsByDefault = 0x807af5d0
                0x807b05d4                        MakeSFISound = 0x807b05d4
                0x807b0630                        ContinueFromSIAddSound = 0x807b0630
                0x807b0a94                        ChosenStartChoice = 0x807b0a94
                0x807b1ff0                        ContinueFromSISLayoutExtraStuffs = 0x807b1ff0
                0x807b22b8                        ContinueFromUpdateSIS = 0x807b22b8
                0x8042a030                        EnemyBounceValue = 0x8042a030
                0x80162b10                        search__7fBase_cFUi = 0x80162b10
                0x80162b60                        search__7fBase_cF6ActorsP7fBase_c = 0x80162b60
                0x80162bc0                        searchByBaseType__7fBase_cFiP7fBase_c = 0x80162bc0
                0x800bb260                        AddStockPowerup = 0x800bb260
                0x808aad60                        continueFromStrongBox2 = 0x808aad60
                0x808aa268                        continueFromStrongBox = 0x808aa268
                0x8042a1c8                        _8042A788 = 0x8042a1c8
                0x8019c060                        playFanfare__FPvi = 0x8019c060
                0x8019c800                        somethingAboutSound__FPv = 0x8019c800
                0x80262ca0                        AxVoice_SetADPCM = 0x80262ca0
                0x80281760                        Voice_SetADPCMLoop = 0x80281760
                0x8027a010                        DetachSound__Q34nw4r3snd11SoundHandleFv = 0x8027a010
                0x80266250                        Pause__Q44nw4r3snd6detail10BasicSoundFbi = 0x80266250
                0x80266060                        Stop__Q44nw4r3snd6detail10BasicSoundFi = 0x80266060
                0x802672c0                        SetPitch__Q44nw4r3snd6detail10BasicSoundFf = 0x802672c0
                0x80267230                        SetVolume__Q44nw4r3snd6detail10BasicSoundFfi = 0x80267230
                0x8027f6a0                        StrmSound_SetTrackVolume = 0x8027f6a0
                0x80429ed0                        DontShowPreGame = 0x80429ed0
                0x80373ae0                        RESTART_CRSIN_LevelStartStruct = 0x80373ae0
                0x800ca4f4                        DrawTheFuckingHat = 0x800ca4f4
                0x800ca528                        DontDrawTheFuckingHat = 0x800ca528
                0x8004e050                        continueFromMpPauseFix1 = 0x8004e050
                0x80141270                        continueFromMpPauseFix2 = 0x80141270
                0x80140f74                        continueFromMpPauseFix3 = 0x80140f74
                0x800fc940                        CheckIfSinglePlayer = 0x800fc940
                0x800e57fc                        TextWriterCrapContinue = 0x800e57fc
                0x80926850                        StockWMInit_LoadEffects__FPv = 0x80926850
                0x80093520                        CleanUpEffectThings__Fv = 0x80093520
                0x800934d0                        FreeEffects__Fi = 0x800934d0
                0x80093170                        FreeBreff__Fi = 0x80093170
                0x800931b0                        FreeBreft__Fi = 0x800931b0
                0x80092e30                        __dt__18BGGMEffectRendererFv = 0x80092e30
                0x80311428                        __vt__18BGGMEffectRenderer = 0x80311428
                0x802dc7b0                        __construct_array = 0x802dc7b0
                0x800cdbe0                        GetBMG__Fv = 0x800cdbe0
                0x802d7670                        findStringForMessageID__Q23EGG6MsgResCFii = 0x802d7670
                0x800c99e0                        WriteBMGToTextBox__FPQ34nw4r3lyt7TextBoxPQ27dScript5Res_ciiie = 0x800c99e0
                0x801641c0                        m2d__Anm_c__Load = 0x801641c0
                0x80163c70                        m2d__AnmResHandler_c__Load = 0x80163c70
                0x801444f0                        RealAcPyDtor = 0x801444f0
                0x808c5290                        RealWm2dPlayerDtor = 0x808c5290
                0x800b3be0                        InsertIntIntoTextBox1 = 0x800b3be0
                0x800b3b60                        WriteNumberToTextBox__FPiPCiPQ34nw4r3lyt7TextBoxb = 0x800b3b60
                0x800b3be0                        WriteNumberToTextBox__FPiPQ34nw4r3lyt7TextBoxb = 0x800b3be0
                0x80810210                        __ct__20daJrClownForPlayer_cFv = 0x80810210
                0x808102d0                        __dt__20daJrClownForPlayer_cFv = 0x808102d0
                0x800a3600                        PClownCarExecute = 0x800a3600
                0x800951d0                        PClownCarAfterCreate = 0x800951d0
                0x80810920                        PClownCarDraw = 0x80810920
                0x80811c00                        PClownCarMove = 0x80811c00
                0x80811e94                        ContinueFromClownCarDetectAdjacent = 0x80811e94
                0x8042dff0                        sAllocatorFunc__FrmHeap = 0x8042dff0
                0x8005ffb0                        GetActivePlayerCount = 0x8005ffb0
                0x8005ffb0                        GetCountofActivePlayers = 0x8005ffb0
                0x8005fef0                        GetActiveLivingPlayerCount = 0x8005fef0
                0x80082240                        getEffectiveScreenLeft__19ClassWithCameraInfoFv = 0x80082240
                0x80429b20                        instance__19ClassWithCameraInfo = 0x80429b20
                0x8005b5d0                        BowserExitDemoState = 0x8005b5d0
                0x807ccba0                        MagicEnd = 0x807ccba0
                0x80804410                        KeyLoopSet = 0x80804410
                0x809b21c0                        BigHanaPlayer = 0x809b21c0
                0x809b23d0                        BigHanaYoshi = 0x809b23d0
                0x809b2680                        BigHanaWeirdGP = 0x809b2680
                0x809b25f0                        BigHanaGroundPound = 0x809b25f0
                0x809b3350                        BigHanaFireball = 0x809b3350
                0x809b3320                        BigHanaIceball = 0x809b3320
                0x80145f00                        dAcPy_vf3F4 = 0x80145f00
                0x80145fe0                        dAcPy_vf3F8 = 0x80145fe0
                0x801466e0                        dAcPy_vf3FC = 0x801466e0
                0x80047390                        dAcPy_vf294 = 0x80047390
                0x809dd480                        Cloud_death_execute = 0x809dd480
                0x809df640                        Cloud_execute = 0x809df640
                0x8042a088                        GlobalTickCount = 0x8042a088
                0x8005f900                        GetSpecificPlayerActor = 0x8005f900
                0x80162b10                        Actor_SearchByID = 0x80162b10
                0x80429a1a                        TimeStopFlag = 0x80429a1a
                0x800e3948                        TimerBranch = 0x800e3948
                0x8042b584                        MarioDescentRate = 0x8042b584
                0x802f543c                        MarioJumpArc = 0x802f543c
                0x8042b568                        MarioJumpMax = 0x8042b568
                0x802f5484                        MiniMarioJumpArc = 0x802f5484
                0x8042b594                        MarioSize = 0x8042b594
                0x80064540                        AlwaysDrawFlag = 0x80064540
                0x80064544                        AlwaysDrawBranch = 0x80064544
                0x800b2ee0                        GenerateRandomNumber = 0x800b2ee0
                0x800ce840                        OneofManySoundPlayers = 0x800ce840
                0x80b12388                        BombSleepState = 0x80b12388
                0x800a0b08                        NoFreezie = 0x800a0b08
                0x80429d90                        GameTimer = 0x80429d90
                0x80d254f8                        GameTimerB = 0x80d254f8
                0x8042b4a8                        EightyPointZero = 0x8042b4a8
                0x8042c780                        OneHundredPointZero = 0x8042c780
                0x800e1de0                        DoSceneChange__FUsUiUi = 0x800e1de0
                0x802379b0                        FrSqrt__Q24nw4r4mathFf = 0x802379b0
                0x802379e0                        SinFIdx__Q24nw4r4mathFf = 0x802379e0
                0x80237a50                        CosFIdx__Q24nw4r4mathFf = 0x80237a50
                0x80237ab0                        SinCosFIdx__Q24nw4r4mathFPfPff = 0x80237ab0
                0x8042a16c                        archiveHeap__5mHeap = 0x8042a16c
                0x8042a170                        commandHeap__5mHeap = 0x8042a170
                0x8042a174                        dylinkHeap__5mHeap = 0x8042a174
                0x8042a178                        assertHeap__5mHeap = 0x8042a178
                0x803779c8                        gameHeaps__5mHeap = 0x803779c8
                0x800db100                        init__18StandOnTopColliderFP13dStageActor_cfffffsUcP7Point2d = 0x800db100
                0x800db0b0                        __ct__18StandOnTopColliderFv = 0x800db0b0
                0x80044400                        __dt__18StandOnTopColliderFv = 0x80044400
                0x800dad80                        __dt__13BasicColliderFv = 0x800dad80
                0x80429d3c                        globalListHead__13BasicCollider = 0x80429d3c
                0x800dae00                        addToList__13BasicColliderFv = 0x800dae00
                0x800db3d0                        __ct__21RideableActorColliderFv = 0x800db3d0
                0x800db420                        init__21RideableActorColliderFP13dStageActor_cP7Point2dP7Point2d = 0x800db420
                0x800db4b0                        init__21RideableActorColliderFP13dStageActor_cffff = 0x800db4b0
                0x800db510                        setPosition__21RideableActorColliderFP7Point2dP7Point2d = 0x800db510
                0x800db570                        setPosition__21RideableActorColliderFffff = 0x800db570
                0x800bc630                        drawWithMatrix__21SomethingAboutShroomsFfP4mMtx = 0x800bc630
                0x8087f660                        original_onCreate__13daObjKinoko_cFv = 0x8087f660
                0x80429bb8                        instance__13dCourseFull_c = 0x80429bb8
                0x8008e890                        getRectByID__9dCourse_cFUcP5mRect = 0x8008e890
                0x8008e3d0                        getNextGotoByID__9dCourse_cFUc = 0x8008e3d0
                0x80057820                        modifyPlayerPropertiesWithRollingObject = 0x80057820
                0x80a57ba0                        EN_LandbarrelPlayerCollision = 0x80a57ba0
                0x80429a68                        instance__16dStageActorMgr_c = 0x80429a68
                0x807db1b0                        StartBGMMusic = 0x807db1b0
                0x807db1c0                        StopBGMMusic = 0x807db1c0
                0x80429c30                        instance__11dStage32C_c = 0x80429c30
                0x804299b4                        instance__7WLClass = 0x804299b4
                0x8005ca50                        disableDemoControl__7WLClassFb = 0x8005ca50
                0x8005c930                        demoControlAllPlayers__7WLClassFv = 0x8005c930
                0x800d8be0                        ShakeScreen = 0x800d8be0
                0x80429d28                        StageScreen = 0x80429d28
                0x80137320                        stunPlayer = 0x80137320
                0x80137460                        unstunPlayer = 0x80137460
                0x80064680                        createChild__13dStageActor_cF6ActorsP13dStageActor_cUiP7Point3dP6S16VecUc = 0x80064680
                0x8001cdb0                        GameMgrBossEndFunc = 0x8001cdb0
                0x807c7ce0                        MakeMarioEnterDemoMode = 0x807c7ce0
                0x8005ca50                        MakeMarioExitDemoMode = 0x8005ca50
                0x8005ca50                        ForceMarioExitDemoMode = 0x8005ca50
                0x80052170                        ResetPlayerState = 0x80052170
                0x8001cdb0                        UpdateGameMgr = 0x8001cdb0
                0x80056cb0                        UnsetShit = 0x80056cb0
                0x80999504                        StateID_DemoSt2__12daKameckDemo = 0x80999504
                0x80999544                        StateID_DemoSt__12daKameckDemo = 0x80999544
                0x80999584                        StateID_DemoWait__12daKameckDemo = 0x80999584
                0x80b8b8ac                        StateID_Fall__13daBossKoopa_c = 0x80b8b8ac
                0x8099c88c                        StateID_DemoWait__9daNeedles = 0x8099c88c
                0x8099c8d0                        StateID_DemoAwake__9daNeedles = 0x8099c8d0
                0x8099c910                        StateID_Idle__9daNeedles = 0x8099c910
                0x8099c950                        StateID_Die__9daNeedles = 0x8099c950
                0x80353f9c                        StateID_None__7dPlayer = 0x80353f9c
                0x80353fdc                        StateID_Walk__7dPlayer = 0x80353fdc
                0x8035401c                        StateID_Jump__7dPlayer = 0x8035401c
                0x8035441c                        StateID_DemoNone__7dPlayer = 0x8035441c
                0x8035449c                        StateID_DemoWait__7dPlayer = 0x8035449c
                0x8035485c                        StateID_DemoGoal__7dPlayer = 0x8035485c
                0x8035489c                        StateID_DemoControl__7dPlayer = 0x8035489c
                0x808a9250                        PlayWrenchSound = 0x808a9250
                0x80429e20                        WaterManager = 0x80429e20
                0x800eb8b0                        CheckforLiquid = 0x800eb8b0
                0x80b7e140                        BowserFireballCollision = 0x80b7e140
                0x80b3eb00                        BowserDamageAnmClr = 0x80b3eb00
                0x80b1f1d0                        BowserDamageStepTwo = 0x80b1f1d0
                0x80b1f1f0                        BowserDamageNormal = 0x80b1f1f0
                0x80098d80                        BowserDamageKill = 0x80098d80
                0x80b3ee30                        BowserDamageEnd = 0x80b3ee30
                0x8008c3e0                        ActivePhysics_InitWithStruct = 0x8008c3e0
                0x8008c330                        ActivePhysics_AddToList = 0x8008c330
                0x8008c200                        __ct__13ActivePhysicsFv = 0x8008c200
                0x8008c260                        __dt__13ActivePhysicsFv = 0x8008c260
                0x8006cd90                        HandleXSpeed = 0x8006cd90
                0x8006cde0                        HandleYSpeed = 0x8006cde0
                0x8006cd40                        UpdateObjectPosBasedOnSpeedValues_real = 0x8006cd40
                0x80096240                        dSprite_c__getXDirectionOfFurthestPlayerRelativeToVEC3 = 0x80096240
                0x80064740                        CalculateDistanceFromActorsNextPosToFurthestPlayer = 0x80064740
                0x800955f0                        doSpriteMovement = 0x800955f0
                0x80429c08                        instance__17dEffectBreakMgr_c = 0x80429c08
                0x800925f0                        spawnTile__17dEffectBreakMgr_cFP7Point3dUic = 0x800925f0
                0x80070cb0                        CollidedWithTile = 0x80070cb0
                0x80096e60                        SomeStrangeModification = 0x80096e60
                0x8006ced0                        Actor_GetVec3WithValuesAdded = 0x8006ced0
                0x8006a4b0                        ConvertStagePositionIntoScreenPosition__Maybe = 0x8006a4b0
                0x80197d10                        AnotherSoundRelatedFunction = 0x80197d10
                0x80198dd0                        YetAnotherSoundPlayer = 0x80198dd0
                0x80196410                        CheckIfPlayingSound = 0x80196410
                0x801051c0                        RelatedToPlayingSoundsAlongsideAnims = 0x801051c0
                0x8042a1a8                        SoundRelatedClass = 0x8042a1a8
                0x80195190                        MapSoundPlayer = 0x80195190
                0x80194ea0                        PlaySoundWithFunctionB4 = 0x80194ea0
                0x8006a4b0                        ConvertStagePositionToScreenPosition__FP7Point2dP7Point3d = 0x8006a4b0
                0x80198a40                        PlaySoundAtPosition__17SoundPlayingClassFiP7Point2dUi = 0x80198a40
                0x80429a80                        instance2__17SoundPlayingClass = 0x80429a80
                0x801021e0                        ExitStage__Fiiii = 0x801021e0
                0x801021e4                        ExitStageRealRest = 0x801021e4
                0x80428d74                        LastPowerupStoreType = 0x80428d74
                0x8016ef60                        zero__4mMtxFv = 0x8016ef60
                0x8016ea00                        rotationX__4mMtxFPs = 0x8016ea00
                0x8016eac0                        applyRotationX__4mMtxFPs = 0x8016eac0
                0x8016eb20                        rotationY__4mMtxFPs = 0x8016eb20
                0x8016ebe0                        applyRotationY__4mMtxFPs = 0x8016ebe0
                0x8016ec40                        rotationZ__4mMtxFPs = 0x8016ec40
                0x8016ed00                        applyRotationZ__4mMtxFPs = 0x8016ed00
                0x8016ed60                        applyRotationYXZ__4mMtxFPsPsPs = 0x8016ed60
                0x8016ede0                        applyRotationZYX__4mMtxFPsPsPs = 0x8016ede0
                0x802dcab8                        _savefpr_14 = 0x802dcab8
                0x802dcabc                        _savefpr_15 = 0x802dcabc
                0x802dcac0                        _savefpr_16 = 0x802dcac0
                0x802dcac4                        _savefpr_17 = 0x802dcac4
                0x802dcac8                        _savefpr_18 = 0x802dcac8
                0x802dcacc                        _savefpr_19 = 0x802dcacc
                0x802dcad0                        _savefpr_20 = 0x802dcad0
                0x802dcad4                        _savefpr_21 = 0x802dcad4
                0x802dcad8                        _savefpr_22 = 0x802dcad8
                0x802dcadc                        _savefpr_23 = 0x802dcadc
                0x802dcae0                        _savefpr_24 = 0x802dcae0
                0x802dcae4                        _savefpr_25 = 0x802dcae4
                0x802dcae8                        _savefpr_26 = 0x802dcae8
                0x802dcaec                        _savefpr_27 = 0x802dcaec
                0x802dcaf0                        _savefpr_28 = 0x802dcaf0
                0x802dcaf4                        _savefpr_29 = 0x802dcaf4
                0x802dcaf8                        _savefpr_30 = 0x802dcaf8
                0x802dcafc                        _savefpr_31 = 0x802dcafc
                0x802dcb04                        _restfpr_14 = 0x802dcb04
                0x802dcb08                        _restfpr_15 = 0x802dcb08
                0x802dcb0c                        _restfpr_16 = 0x802dcb0c
                0x802dcb10                        _restfpr_17 = 0x802dcb10
                0x802dcb14                        _restfpr_18 = 0x802dcb14
                0x802dcb18                        _restfpr_19 = 0x802dcb18
                0x802dcb1c                        _restfpr_20 = 0x802dcb1c
                0x802dcb20                        _restfpr_21 = 0x802dcb20
                0x802dcb24                        _restfpr_22 = 0x802dcb24
                0x802dcb28                        _restfpr_23 = 0x802dcb28
                0x802dcb2c                        _restfpr_24 = 0x802dcb2c
                0x802dcb30                        _restfpr_25 = 0x802dcb30
                0x802dcb34                        _restfpr_26 = 0x802dcb34
                0x802dcb38                        _restfpr_27 = 0x802dcb38
                0x802dcb3c                        _restfpr_28 = 0x802dcb3c
                0x802dcb40                        _restfpr_29 = 0x802dcb40
                0x802dcb44                        _restfpr_30 = 0x802dcb44
                0x802dcb48                        _restfpr_31 = 0x802dcb48
                0x802dcb50                        _savegpr_14 = 0x802dcb50
                0x802dcb54                        _savegpr_15 = 0x802dcb54
                0x802dcb58                        _savegpr_16 = 0x802dcb58
                0x802dcb5c                        _savegpr_17 = 0x802dcb5c
                0x802dcb60                        _savegpr_18 = 0x802dcb60
                0x802dcb64                        _savegpr_19 = 0x802dcb64
                0x802dcb68                        _savegpr_20 = 0x802dcb68
                0x802dcb6c                        _savegpr_21 = 0x802dcb6c
                0x802dcb70                        _savegpr_22 = 0x802dcb70
                0x802dcb74                        _savegpr_23 = 0x802dcb74
                0x802dcb78                        _savegpr_24 = 0x802dcb78
                0x802dcb7c                        _savegpr_25 = 0x802dcb7c
                0x802dcb80                        _savegpr_26 = 0x802dcb80
                0x802dcb84                        _savegpr_27 = 0x802dcb84
                0x802dcb88                        _savegpr_28 = 0x802dcb88
                0x802dcb8c                        _savegpr_29 = 0x802dcb8c
                0x802dcb90                        _savegpr_30 = 0x802dcb90
                0x802dcb94                        _savegpr_31 = 0x802dcb94
                0x802dcb9c                        _restgpr_14 = 0x802dcb9c
                0x802dcba0                        _restgpr_15 = 0x802dcba0
                0x802dcba4                        _restgpr_16 = 0x802dcba4
                0x802dcba8                        _restgpr_17 = 0x802dcba8
                0x802dcbac                        _restgpr_18 = 0x802dcbac
                0x802dcbb0                        _restgpr_19 = 0x802dcbb0
                0x802dcbb4                        _restgpr_20 = 0x802dcbb4
                0x802dcbb8                        _restgpr_21 = 0x802dcbb8
                0x802dcbbc                        _restgpr_22 = 0x802dcbbc
                0x802dcbc0                        _restgpr_23 = 0x802dcbc0
                0x802dcbc4                        _restgpr_24 = 0x802dcbc4
                0x802dcbc8                        _restgpr_25 = 0x802dcbc8
                0x802dcbcc                        _restgpr_26 = 0x802dcbcc
                0x802dcbd0                        _restgpr_27 = 0x802dcbd0
                0x802dcbd4                        _restgpr_28 = 0x802dcbd4
                0x802dcbd8                        _restgpr_29 = 0x802dcbd8
                0x802dcbdc                        _restgpr_30 = 0x802dcbdc
                0x802dcbe0                        _restgpr_31 = 0x802dcbe0
                0x802dcffc                        __shl2i = 0x802dcffc
                0x802b9020                        __nw__FUl = 0x802b9020
                0x802b9090                        __dl__FPv = 0x802b9090
                0x802b90a0                        __dla__FPv = 0x802b90a0
                0x802dc5f0                        __construct_new_array = 0x802dc5f0
                0x802dc920                        __destroy_new_array = 0x802dc920
                0x802dc8a8                        __destroy_arr = 0x802dc8a8
                0x80024c20                        sub_80024C20 = 0x80024c20
                0x802dc590                        __register_global_object = 0x802dc590
                0x802dca0c                        __ptmf_scall = 0x802dca0c
                0x8015f410                        setup__13FunctionChainFPPFPv_bUs = 0x8015f410
                0x8006cf40                        __ct__14collisionMgr_c = 0x8006cf40
                0x8006cf40                        __dt__14collisionMgr_c = 0x8006cf40
                0x8006cfe0                        clear1__14collisionMgr_cFv = 0x8006cfe0
                0x8006d000                        clear2__14collisionMgr_cFv = 0x8006d000
                0x8006d090                        init__14collisionMgr_cFP13dStageActor_cPC12sensorBase_sPC12sensorBase_sPC12sensorBase_s = 0x8006d090
                0x8006d440                        Clear3__14collisionMgr_cFv = 0x8006d440
                0x8006db30                        calculateBelowCollision__14collisionMgr_cFv = 0x8006db30
                0x80070cb0                        isOnTopOfTile__14collisionMgr_cCFv = 0x80070cb0
                0x8006ef40                        calculateAboveCollision__14collisionMgr_cFUi = 0x8006ef40
                0x80072bc0                        calculateBelowCollisionWithSmokeEffect__14collisionMgr_cFv = 0x80072bc0
                0x8006fa40                        calculateAdjacentCollision__14collisionMgr_cFPf = 0x8006fa40
                0x80070760                        s_80070760__14collisionMgr_cFv = 0x80070760
                0x800707e0                        s_800707E0__14collisionMgr_cFv = 0x800707e0
                0x80070ba0                        getTileBehaviour1At__14collisionMgr_cFffUc = 0x80070ba0
                0x80070bf0                        getTileBehaviour2At__14collisionMgr_cFffUc = 0x80070bf0
                0x80053600                        clearStoredSColls__14collisionMgr_cFv = 0x80053600
                0x800b83c0                        __ct_11freezeMgr_c = 0x800b83c0
                0x800b8460                        __dt__11freezeMgr_cFv = 0x800b8460
                0x800b84d0                        doSomethingCool1__11freezeMgr_c = 0x800b84d0
                0x800b85a0                        doSomethingCool2__11freezeMgr_c = 0x800b85a0
                0x800b8670                        setSomething__11freezeMgr_cFUiUiUi = 0x800b8670
                0x800b8680                        Create_ICEACTORs__11freezeMgr_cFPvi = 0x800b8680
                0x800b87d0                        Delete_ICEACTORs__11freezeMgr_c = 0x800b87d0
                0x800b8850                        SetIceTimer_pt1__11freezeMgr_c = 0x800b8850
                0x800b88b0                        SetIceTimer_pt2__11freezeMgr_c = 0x800b88b0
                0x800b8930                        CheckIceTimer_lte_Value__11freezeMgr_c = 0x800b8930
                0x800b89a0                        doSomethingCool3__11freezeMgr_c = 0x800b89a0
                0x800b8a30                        doSomethingCool4__11freezeMgr_c = 0x800b8a30
                0x800b8ab0                        doSomethingCool5__11freezeMgr_c = 0x800b8ab0
                0x800b8b30                        doSomethingCool6__11freezeMgr_c = 0x800b8b30
                0x800b8bb0                        DoMeltNormal__11freezeMgr_c = 0x800b8bb0
                0x800b8c70                        doSomethingCool7__11freezeMgr_c = 0x800b8c70
                0x800b8e60                        CheckCountdownTimer__11freezeMgr_c = 0x800b8e60
                0x80329178                        __vt__7fBase_c = 0x80329178
                0x80161b90                        onCreate__7fBase_cFv = 0x80161b90
                0x80161c40                        onDelete__7fBase_cFv = 0x80161c40
                0x80161ee0                        onExecute__7fBase_cFv = 0x80161ee0
                0x801620e0                        willBeDeleted__7fBase_cFv = 0x801620e0
                0x80162400                        moreHeapShit__7fBase_cFUiPv = 0x80162400
                0x80162600                        createHeap__7fBase_cFUiPv = 0x80162600
                0x801626c0                        heapCreated__7fBase_cFv = 0x801626c0
                0x80162320                        Delete__7fBase_cFv = 0x80162320
                0x801627c0                        findNextUninitialisedProcess__7fBase_cFv = 0x801627c0
                0x80162830                        hasUninitialisedProcesses__7fBase_cFv = 0x80162830
                0x80161fe0                        onDraw__7fBase_cFv = 0x80161fe0
                0x80162320                        _Z15fBase_c__DeletePv = 0x80162320
                0x80162320                        fBase_c__Delete__FPv = 0x80162320
                0x80317680                        __vt__15StageActorLight = 0x80317680
                0x800cca00                        init__15StageActorLight_FPvi = 0x800cca00
                0x800ccac0                        update__15StageActorLight = 0x800ccac0
                0x800ccb70                        draw__15StageActorLight = 0x800ccb70
                0x800414a0                        __dt__15StageActorLight = 0x800414a0
                0x8006c660                        GetExplanationString__7dBase_cFv = 0x8006c660
                0x80301cc8                        __vt__15daEnBlockMain_c = 0x80301cc8
                0x80023340                        __dt__15daEnBlockMain_cFv = 0x80023340
                0x80022e80                        calledWhenUpMoveBegins__15daEnBlockMain_cFv = 0x80022e80
                0x80022f60                        calledWhenDownMoveBegins__15daEnBlockMain_cFv = 0x80022f60
                0x80022f30                        calledWhenUpMoveExecutes__15daEnBlockMain_cFv = 0x80022f30
                0x800231a0                        calledWhenUpMoveDiffExecutes__15daEnBlockMain_cFv = 0x800231a0
                0x80023010                        calledWhenDownMoveExecutes__15daEnBlockMain_cFv = 0x80023010
                0x80023080                        calledWhenDownMoveEndExecutes__15daEnBlockMain_cFv = 0x80023080
                0x800232c0                        calledWhenDownMoveDiffExecutes__15daEnBlockMain_cFv = 0x800232c0
                0x80023330                        calledWhenDownMoveDiffEndExecutes__15daEnBlockMain_cFv = 0x80023330
                0x80022dc0                        updateScale__15daEnBlockMain_cFb = 0x80022dc0
                0x80022e60                        upMove_Begin__15daEnBlockMain_cFv = 0x80022e60
                0x80022ea0                        upMove_Execute__15daEnBlockMain_cFv = 0x80022ea0
                0x80022e90                        upMove_End__15daEnBlockMain_cFv = 0x80022e90
                0x80022f40                        downMove_Begin__15daEnBlockMain_cFv = 0x80022f40
                0x80022f80                        downMove_Execute__15daEnBlockMain_cFv = 0x80022f80
                0x80022f70                        downMove_End__15daEnBlockMain_cFv = 0x80022f70
                0x80023020                        downMoveEnd_Begin__15daEnBlockMain_cFv = 0x80023020
                0x80023040                        downMoveEnd_Execute__15daEnBlockMain_cFv = 0x80023040
                0x80023030                        downMoveEnd_End__15daEnBlockMain_cFv = 0x80023030
                0x80023090                        upMove_Diff_Begin__15daEnBlockMain_cFv = 0x80023090
                0x800230d0                        upMove_Diff_Execute__15daEnBlockMain_cFv = 0x800230d0
                0x800230c0                        upMove_Diff_End__15daEnBlockMain_cFv = 0x800230c0
                0x800231b0                        downMove_Diff_Begin__15daEnBlockMain_cFv = 0x800231b0
                0x800231f0                        downMove_Diff_Execute__15daEnBlockMain_cFv = 0x800231f0
                0x800231e0                        downMove_Diff_End__15daEnBlockMain_cFv = 0x800231e0
                0x800232d0                        downMove_DiffEnd_Begin__15daEnBlockMain_cFv = 0x800232d0
                0x800232f0                        downMove_DiffEnd_Execute__15daEnBlockMain_cFv = 0x800232f0
                0x800232e0                        downMove_DiffEnd_End__15daEnBlockMain_cFv = 0x800232e0
                0x80021690                        blockInit__15daEnBlockMain_cFf = 0x80021690
                0x800217b0                        blockUpdate__15daEnBlockMain_cFv = 0x800217b0
                0x800212c0                        blockResult__15daEnBlockMain_cFv = 0x800212c0
                0x80021180                        PhysicsCallback1__15daEnBlockMain_c = 0x80021180
                0x80021170                        PhysicsCallback2__15daEnBlockMain_c = 0x80021170
                0x800211a0                        PhysicsCallback3__15daEnBlockMain_c = 0x800211a0
                0x80020bf0                        OPhysicsCallback1__15daEnBlockMain_c = 0x80020bf0
                0x80020e70                        OPhysicsCallback2__15daEnBlockMain_c = 0x80020e70
                0x80021010                        OPhysicsCallback3__15daEnBlockMain_c = 0x80021010
                0x803527b4                        StateID_UpMove__15daEnBlockMain_c = 0x803527b4
                0x803527f4                        StateID_DownMove__15daEnBlockMain_c = 0x803527f4
                0x80352834                        StateID_DownMoveEnd__15daEnBlockMain_c = 0x80352834
                0x80352874                        StateID_UpMove_Diff__15daEnBlockMain_c = 0x80352874
                0x803528b4                        StateID_DownMove_Diff__15daEnBlockMain_c = 0x803528b4
                0x803528f4                        StateID_DownMove_DiffEnd__15daEnBlockMain_c = 0x803528f4
                0x80094e80                        __ct__5dEn_cFv = 0x80094e80
                0x80095130                        __dt__5dEn_cFv = 0x80095130
                0x800951d0                        afterCreate__5dEn_cFi = 0x800951d0
                0x80095240                        beforeExecute__5dEn_cFv = 0x80095240
                0x80095480                        afterExecute__5dEn_cFi = 0x80095480
                0x800954a0                        beforeDraw__5dEn_cFv = 0x800954a0
                0x80097f70                        kill__5dEn_cFv = 0x80097f70
                0x80097c40                        eatIn__5dEn_cFv = 0x80097c40
                0x80097cb0                        disableEatIn__5dEn_cFv = 0x80097cb0
                0x80097d30                        _vf8C__5dEn_cFPv = 0x80097d30
                0x800973f0                        _vfCC__5dEn_cFP7Point2df = 0x800973f0
                0x800974f0                        _vfD0__5dEn_cFP7Point2df = 0x800974f0
                0x800a7df0                        doStateChange__5dEn_cFP12dStateBase_c = 0x800a7df0
                0x80095950                        collisionCallback__5dEn_cFP13ActivePhysicsP13ActivePhysics = 0x80095950
                0x80095ce0                        preSpriteCollision__5dEn_cFP13ActivePhysicsP13ActivePhysics = 0x80095ce0
                0x80095d30                        prePlayerCollision__5dEn_cFP13ActivePhysicsP13ActivePhysics = 0x80095d30
                0x80095f50                        preYoshiCollision__5dEn_cFP13ActivePhysicsP13ActivePhysics = 0x80095f50
                0x80096060                        stageActorCollision__5dEn_cFP13ActivePhysicsP13ActivePhysics = 0x80096060
                0x80095c10                        spriteCollision__5dEn_cFP13ActivePhysicsP13ActivePhysics = 0x80095c10
                0x80095c20                        playerCollision__5dEn_cFP13ActivePhysicsP13ActivePhysics = 0x80095c20
                0x80095c80                        yoshiCollision__5dEn_cFP13ActivePhysicsP13ActivePhysics = 0x80095c80
                0x8009f840                        collisionCat3_StarPower__5dEn_cFP13ActivePhysicsP13ActivePhysics = 0x8009f840
                0x8009fb50                        collisionCat5_Mario__5dEn_cFP13ActivePhysicsP13ActivePhysics = 0x8009fb50
                0x8009fe40                        _vf108__5dEn_cFP13ActivePhysicsP13ActivePhysics = 0x8009fe40
                0x8009ffd0                        collisionCatD_Drill__5dEn_cFP13ActivePhysicsP13ActivePhysics = 0x8009ffd0
                0x8009ffc0                        _vf110__5dEn_cFP13ActivePhysicsP13ActivePhysics = 0x8009ffc0
                0x8009fce0                        collisionCat8_FencePunch__5dEn_cFP13ActivePhysicsP13ActivePhysics = 0x8009fce0
                0x800a0150                        collisionCat7_GroundPound__5dEn_cFP13ActivePhysicsP13ActivePhysics = 0x800a0150
                0x800a02d0                        collisionCat7_GroundPoundYoshi__5dEn_cFP13ActivePhysicsP13ActivePhysics = 0x800a02d0
                0x8009fcd0                        _vf120__5dEn_cFP13ActivePhysicsP13ActivePhysics = 0x8009fcd0
                0x8009fcc0                        collisionCatA_PenguinMario__5dEn_cFP13ActivePhysicsP13ActivePhysics = 0x8009fcc0
                0x8009f9d0                        collisionCat11_PipeCannon__5dEn_cFP13ActivePhysicsP13ActivePhysics = 0x8009f9d0
                0x800a0700                        collisionCat9_RollingObject__5dEn_cFP13ActivePhysicsP13ActivePhysics = 0x800a0700
                0x800a08d0                        collisionCat1_Fireball_E_Explosion__5dEn_cFP13ActivePhysicsP13ActivePhysics = 0x800a08d0
                0x800a0a30                        collisionCat2_IceBall_15_YoshiIce__5dEn_cFP13ActivePhysicsP13ActivePhysics = 0x800a0a30
                0x800a03c0                        collisionCat13_Hammer__5dEn_cFP13ActivePhysicsP13ActivePhysics = 0x800a03c0
                0x800a0550                        collisionCat14_YoshiFire__5dEn_cFP13ActivePhysicsP13ActivePhysics = 0x800a0550
                0x800a0ea0                        killWithSpecifiedState__5dEn_cFP13dStageActor_cP7Point2dP12dStateBase_cUi = 0x800a0ea0
                0x800a10b0                        _vf140__5dEn_cFP13dStageActor_c = 0x800a10b0
                0x800a0c70                        powBlockActivated__5dEn_cFb = 0x800a0c70
                0x800a12a0                        _vf148__5dEn_cFv = 0x800a12a0
                0x800a1370                        _vf14C__5dEn_cFv = 0x800a1370
                0x800206d0                        canBePowed__5dEn_cFv = 0x800206d0
                0x80096230                        eatenByYoshiProbably__5dEn_cFv = 0x80096230
                0x800a1190                        killByDieFall__5dEn_cFP13dStageActor_c = 0x800a1190
                0x800a1c00                        playHpdpSound1__5dEn_cFv = 0x800a1c00
                0x800a1bb0                        playEnemyDownSound1__5dEn_cFv = 0x800a1bb0
                0x800a1c80                        playEnemyDownComboSound__5dEn_cFPv = 0x800a1c80
                0x800a1d90                        playHpdpSound2__5dEn_cFv = 0x800a1d90
                0x800a1e10                        _vf168__5dEn_cFv = 0x800a1e10
                0x800a1470                        dieFumi_Begin__5dEn_cFv = 0x800a1470
                0x800a1600                        dieFumi_Execute__5dEn_cFv = 0x800a1600
                0x800a1820                        dieFumi_End__5dEn_cFv = 0x800a1820
                0x800a16a0                        dieFall_Begin__5dEn_cFv = 0x800a16a0
                0x800a1830                        dieFall_Execute__5dEn_cFv = 0x800a1830
                0x800a1820                        dieFall_End__5dEn_cFv = 0x800a1820
                0x800a1910                        dieBigFall_Begin__5dEn_cFv = 0x800a1910
                0x800a1930                        dieBigFall_Execute__5dEn_cFv = 0x800a1930
                0x800a1920                        dieBigFall_End__5dEn_cFv = 0x800a1920
                0x800a1980                        dieSmoke_Begin__5dEn_cFv = 0x800a1980
                0x800a1a00                        dieSmoke_Execute__5dEn_cFv = 0x800a1a00
                0x800a19f0                        dieSmoke_End__5dEn_cFv = 0x800a19f0
                0x800a1ac0                        dieYoshiFumi_Begin__5dEn_cFv = 0x800a1ac0
                0x800a1b40                        dieYoshiFumi_Execute__5dEn_cFv = 0x800a1b40
                0x800a1b30                        dieYoshiFumi_End__5dEn_cFv = 0x800a1b30
                0x800a1a10                        dieIceVanish_Begin__5dEn_cFv = 0x800a1a10
                0x800a1ab0                        dieIceVanish_Execute__5dEn_cFv = 0x800a1ab0
                0x800a1aa0                        dieIceVanish_End__5dEn_cFv = 0x800a1aa0
                0x800a1b50                        dieGoal_Begin__5dEn_cFv = 0x800a1b50
                0x800a1b70                        dieGoal_Execute__5dEn_cFv = 0x800a1b70
                0x800a1b60                        dieGoal_End__5dEn_cFv = 0x800a1b60
                0x800a1b80                        dieOther_Begin__5dEn_cFv = 0x800a1b80
                0x800a1ba0                        dieOther_Execute__5dEn_cFv = 0x800a1ba0
                0x800a1b90                        dieOther_End__5dEn_cFv = 0x800a1b90
                0x800a81c0                        eatIn_Begin__5dEn_cFv = 0x800a81c0
                0x800a81e0                        eatIn_Execute__5dEn_cFv = 0x800a81e0
                0x800a81d0                        eatIn_End__5dEn_cFv = 0x800a81d0
                0x800a8260                        eatNow_Begin__5dEn_cFv = 0x800a8260
                0x800a8280                        eatNow_Execute__5dEn_cFv = 0x800a8280
                0x800a8270                        eatNow_End__5dEn_cFv = 0x800a8270
                0x800a8290                        eatOut_Begin__5dEn_cFv = 0x800a8290
                0x800a82b0                        eatOut_Execute__5dEn_cFv = 0x800a82b0
                0x800a82a0                        eatOut_End__5dEn_cFv = 0x800a82a0
                0x800a8190                        hitSpin_Begin__5dEn_cFv = 0x800a8190
                0x800a81b0                        hitSpin_Execute__5dEn_cFv = 0x800a81b0
                0x800a81a0                        hitSpin_End__5dEn_cFv = 0x800a81a0
                0x800a7e90                        ice_Begin__5dEn_cFv = 0x800a7e90
                0x800a7f40                        ice_Execute__5dEn_cFv = 0x800a7f40
                0x800a7f30                        ice_End__5dEn_cFv = 0x800a7f30
                0x80095520                        spawnHitEffectAtPosition__5dEn_cF7Point2d = 0x80095520
                0x80095530                        doSomethingWithHardHitAndSoftHitEffects__5dEn_cF7Point3d = 0x80095530
                0x80095580                        playEnemyDownSound2__5dEn_cFv = 0x80095580
                0x800955d0                        add2ToYSpeed__5dEn_cFv = 0x800955d0
                0x80095890                        _vf218__5dEn_cFv = 0x80095890
                0x80097770                        _vf21C__5dEn_cFv = 0x80097770
                0x80097f20                        _vf220__5dEn_cFPv = 0x80097f20
                0x80097f60                        _vf224__5dEn_cFv = 0x80097f60
                0x800206c0                        _vf228__5dEn_cFv = 0x800206c0
                0x800a8060                        CreateIceActors__5dEn_cFv = 0x800a8060
                0x800a8150                        _vf230__5dEn_cFv = 0x800a8150
                0x800a8160                        _vf234__5dEn_cFv = 0x800a8160
                0x800a8180                        _vf238__5dEn_cFv = 0x800a8180
                0x800206b0                        _vf23C__5dEn_cFv = 0x800206b0
                0x800206a0                        _vf240__5dEn_cFv = 0x800206a0
                0x80020690                        _vf244__5dEn_cFv = 0x80020690
                0x800968e0                        _vf248__5dEn_cFi = 0x800968e0
                0x80096710                        bouncePlayerWhenJumpedOn__5dEn_cFPv = 0x80096710
                0x80096700                        addScoreWhenHit__5dEn_cFPv = 0x80096700
                0x80096720                        _vf254__5dEn_cFPv = 0x80096720
                0x80096760                        _vf258__5dEn_cFPv = 0x80096760
                0x80096770                        _vf25C__5dEn_cFPv = 0x80096770
                0x80096910                        _vf260__5dEn_cFPv = 0x80096910
                0x80096d60                        _vf264__5dEn_cFP13dStageActor_c = 0x80096d60
                0x80096a20                        _vf268__5dEn_cFPv = 0x80096a20
                0x80096df0                        spawnHitEffectAtPositionAgain__5dEn_cF7Point2d = 0x80096df0
                0x80096c40                        playMameStepSound__5dEn_cFv = 0x80096c40
                0x80096e50                        _vf274__5dEn_cFv = 0x80096e50
                0x80096b30                        _vf278__5dEn_cFPv = 0x80096b30
                0x80096e40                        _vf27C__5dEn_cFv = 0x80096e40
                0x80357934                        StateID_DieFumi__5dEn_c = 0x80357934
                0x80357974                        StateID_DieFall__5dEn_c = 0x80357974
                0x803579b4                        StateID_DieBigFall__5dEn_c = 0x803579b4
                0x803579f4                        StateID_DieSmoke__5dEn_c = 0x803579f4
                0x80357a34                        StateID_DieIceVanish__5dEn_c = 0x80357a34
                0x80357a74                        StateID_DieYoshiFumi__5dEn_c = 0x80357a74
                0x80357ab4                        StateID_DieGoal__5dEn_c = 0x80357ab4
                0x80357af4                        StateID_DieOther__5dEn_c = 0x80357af4
                0x800955f0                        doSpriteMovement__5dEn_cFv = 0x800955f0
                0x800978c0                        CheckIfPlayerBelow__5dEn_cFff = 0x800978c0
                0x800957b0                        stuffRelatingToCollisions__5dEn_cFfff = 0x800957b0
                0x80097250                        checkLiquidImmersion__5dEn_cFP7Point2df = 0x80097250
                0x800967a0                        bouncePlayer__5dEn_cFPvf = 0x800967a0
                0x80066fc0                        __ct__13dActorState_cFv = 0x80066fc0
                0x800671b0                        __dt__13dActorState_cFv = 0x800671b0
                0x80067230                        beginState_Gegneric__13dActorState_cFv = 0x80067230
                0x80067240                        endState_Gegneric__13dActorState_cFv = 0x80067240
                0x80067250                        executeState_Gegneric__13dActorState_cFv = 0x80067250
                0x80067590                        _vfD8__18dActorMultiState_cFv = 0x80067590
                0x800675b0                        _vfDC__18dActorMultiState_cFv = 0x800675b0
                0x800675a0                        _vfE0__18dActorMultiState_cFv = 0x800675a0
                0x80064110                        __ct__13dStageActor_cFv = 0x80064110
                0x800642b0                        __dt__13dStageActor_cFv = 0x800642b0
                0x80064350                        beforeCreate__13dStageActor_cFv = 0x80064350
                0x80064380                        afterCreate__13dStageActor_cFi = 0x80064380
                0x80064390                        beforeDelete__13dStageActor_cFv = 0x80064390
                0x800643e0                        afterDelete__13dStageActor_cFi = 0x800643e0
                0x800643f0                        beforeExecute__13dStageActor_cFv = 0x800643f0
                0x80064490                        afterExecute__13dStageActor_cFi = 0x80064490
                0x80064540                        beforeDraw__13dStageActor_cFv = 0x80064540
                0x800645e0                        afterDraw__13dStageActor_cFi = 0x800645e0
                0x800645f0                        GetExplanationString__13dStageActor_cFv = 0x800645f0
                0x80065080                        isOutOfView__13dStageActor_cFv = 0x80065080
                0x80065650                        kill__13dStageActor_cFv = 0x80065650
                0x8001d210                        _vf68__13dStageActor_cFv = 0x8001d210
                0x8001d200                        _vf6C__13dStageActor_cFv = 0x8001d200
                0x80065620                        _vf70__13dStageActor_cFv = 0x80065620
                0x8001d1f0                        _vf74__13dStageActor_cFv = 0x8001d1f0
                0x80065820                        itemPickedUp__13dStageActor_cFv = 0x80065820
                0x8001d1e0                        _vf7C__13dStageActor_cFv = 0x8001d1e0
                0x80065830                        eatIn__13dStageActor_cFv = 0x80065830
                0x80065850                        disableEatIn__13dStageActor_cFv = 0x80065850
                0x80065860                        _vf88__13dStageActor_cFv = 0x80065860
                0x80065870                        _vf8C__13dStageActor_cFPv = 0x80065870
                0x80065880                        _vf90__13dStageActor_cFP13dStageActor_c = 0x80065880
                0x80065ac0                        _vf94__13dStageActor_cFPv = 0x80065ac0
                0x80066080                        removeMyActivePhysics__13dStageActor_cFv = 0x80066080
                0x80066090                        addMyActivePhysics__13dStageActor_cFv = 0x80066090
                0x80065950                        returnRegularScale__13dStageActor_cFv = 0x80065950
                0x80065970                        _vfA4__13dStageActor_cFPv = 0x80065970
                0x80065a00                        _vfA8__13dStageActor_cFPv = 0x80065a00
                0x80065a40                        _vfAC__13dStageActor_cFPv = 0x80065a40
                0x80065660                        killedByLevelClear__13dStageActor_cFv = 0x80065660
                0x80065b40                        _vfB4__13dStageActor_cFv = 0x80065b40
                0x8001d1d0                        _vfB8__13dStageActor_cFv = 0x8001d1d0
                0x80065b50                        _vfBC__13dStageActor_cFv = 0x80065b50
                0x80065b60                        _vfC0__13dStageActor_cFv = 0x80065b60
                0x80065b70                        _vfC4__13dStageActor_cFv = 0x80065b70
                0x80065cc0                        _vfC8__13dStageActor_cFP7Point2df = 0x80065cc0
                0x80065dc0                        _vfCC__13dStageActor_cFP7Point2df = 0x80065dc0
                0x80065ec0                        _vfD0__13dStageActor_cFP7Point2df = 0x80065ec0
                0x80064da0                        outOfZone__13dStageActor_cF7Point3dPfUc = 0x80064da0
                0x80064f50                        checkZoneBoundaries__13dStageActor_cFUi = 0x80064f50
                0x80064610                        create__13dStageActor_cF6ActorsUiP7Point3dP6S16VecUc = 0x80064610
                0x80064d10                        Delete__13dStageActor_cFUc = 0x80064d10
                0x800e1930                        __ct__8dScene_cFv = 0x800e1930
                0x800e19a0                        __dt__8dScene_cFv = 0x800e19a0
                0x800e1a20                        beforeCreate__8dScene_cFv = 0x800e1a20
                0x800e1a60                        afterCreate__8dScene_cFi = 0x800e1a60
                0x800e1ad0                        beforeDelete__8dScene_cFv = 0x800e1ad0
                0x800e1b00                        afterDelete__8dScene_cFi = 0x800e1b00
                0x800e1b60                        beforeExecute__8dScene_cFv = 0x800e1b60
                0x800e1ca0                        afterExecute__8dScene_cFi = 0x800e1ca0
                0x800e1cf0                        beforeDraw__8dScene_cFv = 0x800e1cf0
                0x800e1d20                        afterDraw__8dScene_cFi = 0x800e1d20
                0x8006c6d0                        __ct__8dActor_cFv = 0x8006c6d0
                0x8006c7f0                        __dt__8dActor_cFv = 0x8006c7f0
                0x8006cd40                        UpdateObjectPosBasedOnSpeedValuesReal__8dActor_cFv = 0x8006cd40
                0x8006cd90                        HandleXSpeed__8dActor_cFv = 0x8006cd90
                0x8006cde0                        HandleYSpeed__8dActor_cFv = 0x8006cde0
                0x8006c420                        __ct__7dBase_cFv = 0x8006c420
                0x8006c490                        __dt__7dBase_cFv = 0x8006c490
                0x8006c540                        beforeCreate__7dBase_cFv = 0x8006c540
                0x8006c570                        afterCreate__7dBase_cFi = 0x8006c570
                0x8006c580                        beforeDelete__7dBase_cFv = 0x8006c580
                0x8006c5b0                        afterDelete__7dBase_cFi = 0x8006c5b0
                0x8006c5c0                        beforeExecute__7dBase_cFv = 0x8006c5c0
                0x8006c600                        afterExecute__7dBase_cFi = 0x8006c600
                0x8006c610                        beforeDraw__7dBase_cFv = 0x8006c610
                0x8006c650                        afterDraw__7dBase_cFi = 0x8006c650
                0x8006ca50                        specialDraw1__8dActor_cFv = 0x8006ca50
                0x8006ca60                        specialDraw2__8dActor_cFv = 0x8006ca60
                0x8001d1c0                        _vf58__8dActor_cFv = 0x8001d1c0
                0x8001d1b0                        _vf5C__8dActor_cFv = 0x8001d1b0
                0x8015f5d0                        __ct__12dStateBase_cFPCc = 0x8015f5d0
                0x8015f610                        __dt__12dStateBase_cFv = 0x8015f610
                0x8015f650                        isInvalid__12dStateBase_cFv = 0x8015f650
                0x8015f660                        isEqualNotUsedForSomeReason__12dStateBase_cFP12dStateBase_c = 0x8015f660
                0x8015f6d0                        isEqual__12dStateBase_cFP12dStateBase_c = 0x8015f6d0
                0x8015f6e0                        isNotEqual__12dStateBase_cFP12dStateBase_c = 0x8015f6e0
                0x8015f730                        getName__12dStateBase_cFv = 0x8015f730
                0x8015f740                        getID__12dStateBase_cFv = 0x8015f740
                0x800142a0                        isSameStateName__12dStateBase_cFPCc = 0x800142a0
                0x80012970                        doBegin__12dStateBase_cFPv = 0x80012970
                0x80012940                        doExecute__12dStateBase_cFPv = 0x80012940
                0x80012910                        doEnd__12dStateBase_cFPv = 0x80012910
                0x80377784                        mNoState__12dStateBase_c = 0x80377784
                0x8015f800                        __dt__15dStateMgrBase_cFv = 0x8015f800
                0x8015faa0                        __ct__11dStateMgr_cFP17dStatePointless_cP20dStateExecutorBase_cP12dStateBase_c = 0x8015faa0
                0x800e3a60                        __ct__10dFlagMgr_c = 0x800e3a60
                0x800e3b20                        setup__10dFlagMgr_cFb = 0x800e3b20
                0x800e3ea0                        applyAndClearAllTimedActions__10dFlagMgr_cFv = 0x800e3ea0
                0x800e3f90                        execute__10dFlagMgr_cFv = 0x800e3f90
                0x800e4140                        set__10dFlagMgr_cFUcibbbUi = 0x800e4140
                0x800e43f0                        findLowestFlagInSet__10dFlagMgr_cFUiUl = 0x800e43f0
                0x800e44d0                        setSpecial__10dFlagMgr_cFUcffUcUiUl = 0x800e44d0
                0x800e4510                        get8__10dFlagMgr_cFUc = 0x800e4510
                0x800e4520                        get108__10dFlagMgr_cFUc = 0x800e4520
                0x800e4530                        get208__10dFlagMgr_cFUc = 0x800e4530
                0x800e4540                        get248__10dFlagMgr_cFUc = 0x800e4540
                0x800e4560                        get448__10dFlagMgr_cFUc = 0x800e4560
                0x80429d98                        instance__10dFlagMgr_c = 0x80429d98
                0x8008c2c0                        clear__13ActivePhysicsFv = 0x8008c2c0
                0x8008c380                        removeFromList__13ActivePhysicsFv = 0x8008c380
                0x8008c330                        addToList__13ActivePhysicsFv = 0x8008c330
                0x8008c3e0                        initWithStruct__13ActivePhysicsFP8dActor_cPCQ213ActivePhysics4Info = 0x8008c3e0
                0x8008c4f0                        bottom__13ActivePhysicsFv = 0x8008c4f0
                0x80429b80                        globalListHead__13ActivePhysics = 0x80429b80
                0x8007f7a0                        __ct__7PhysicsFv = 0x8007f7a0
                0x8007f810                        __dt__7PhysicsFv = 0x8007f810
                0x8007f9b0                        baseSetup__7PhysicsFP8dActor_cPvPvPvUcUc = 0x8007f9b0
                0x8007fa40                        setup__7PhysicsFP8dActor_cffffPvPvPvUcUcP7Point2d = 0x8007fa40
                0x8007fb10                        setup__7PhysicsFP8dActor_cPQ27Physics4InfoUcUcP7Point2d = 0x8007fb10
                0x80429b00                        globalListHead__7Physics = 0x80429b00
                0x8007fd80                        setPtrToRotation__7PhysicsFPs = 0x8007fd80
                0x808a2110                        spinningPhysicsCallback = 0x808a2110
                0x8007f900                        addToList__7PhysicsFv = 0x8007f900
                0x8007f950                        removeFromList__7PhysicsFv = 0x8007f950
                0x8007fda0                        update__7PhysicsFv = 0x8007fda0
                0x80078520                        getTileRendererList__7dBgGm_cFi = 0x80078520
                0x80077520                        getPointerToTile__8BgGmBaseFiiiPib = 0x80077520
                0x80077860                        placeTile__8BgGmBaseFUsUsii = 0x80077860
                0x80078410                        makeSplash__8BgGmBaseFffi = 0x80078410
                0x80014820                        add__Q212TileRenderer4ListFP12TileRenderer = 0x80014820
                0x80014860                        remove__Q212TileRenderer4ListFP12TileRenderer = 0x80014860
                0x800145b0                        __ct__12TileRendererFv = 0x800145b0
                0x800145f0                        __dt__12TileRendererFv = 0x800145f0
                0x800146b0                        setPosition__12TileRendererFfff = 0x800146b0
                0x800146d0                        setVars__12TileRendererFf = 0x800146d0
                0x800d6c40                        __ct__21dPlayerModelHandler_cFUc = 0x800d6c40
                0x800d6d70                        loadModel__21dPlayerModelHandler_cFUcii = 0x800d6d70
                0x800d6ec0                        setSRT__21dPlayerModelHandler_cF7Point3d6S16Vec7Point3d = 0x800d6ec0
                0x800d6f80                        callVF20__21dPlayerModelHandler_cFv = 0x800d6f80
                0x800d6fa0                        draw__21dPlayerModelHandler_cFv = 0x800d6fa0
                0x800d6e10                        update__21dPlayerModelHandler_cFv = 0x800d6e10
                0x800d6e30                        setMatrix__21dPlayerModelHandler_cFPA3_A4_f = 0x800d6e30
                0x80162b60                        _Z15FindActorByType6ActorsP5Actor = 0x80162b60
                0x80162b60                        FindActorByType__F6ActorsP5Actor = 0x80162b60
                0x800df100                        _Z19RetrieveFileFromArcPvPcS0_ = 0x800df100
                0x8015f540                        _Z8OSReportPKcz = 0x8015f540
                0x8015f540                        OSReport__FPCce = 0x8015f540
                0x801af3e0                        _Z7OSFatal7GXColorS_PKc = 0x801af3e0
                0x800e2500                        GetSomeSizeRelatedBULLSHIT__Fv = 0x800e2500
                0x800e2670                        CalculateSomethingAboutRatio__Fffff = 0x800e2670
                0x800e2740                        CalculateSomethingElseAboutRatio__Fv = 0x800e2740
                0x80169030                        DoSomethingCameraRelatedWithEGGScreen__FiPQ23EGG6Screen = 0x80169030
                0x80429e0c                        GlobalScreenWidth = 0x80429e0c
                0x80429e10                        GlobalScreenHeight = 0x80429e10
                0x8042ac28                        currentScreenSizeID = 0x8042ac28
                0x80350240                        ScreenSizesAndMultipliers = 0x80350240
                0x802c68f0                        setOrtho__Q23EGG7FrustumFffffff = 0x802c68f0
                0x802d0ad0                        __ct__Q23EGG6ScreenFv = 0x802d0ad0
                0x802d08b0                        __dt__Q23EGG6ScreenFv = 0x802d08b0
                0x8034fdd8                        __vt__Q23EGG12LookAtCamera = 0x8034fdd8
                0x802be690                        assignToNW4RCamera__Q23EGG12LookAtCameraFRQ34nw4r3g3d6Camera = 0x802be690
                0x802bf1e0                        __ct__Q23EGG12ProjectOrthoFv = 0x802bf1e0
                0x802bf230                        setVolume__Q23EGG12ProjectOrthoFffff = 0x802bf230
                0x80164930                        GetCameraByID__Fi = 0x80164930
                0x80164950                        GetCurrentCameraID__Fv = 0x80164950
                0x80164960                        SetCurrentCameraID__Fi = 0x80164960
                0x80164a20                        LinkScene__Fi = 0x80164a20
                0x801649a0                        UnlinkScene__Fi = 0x801649a0
                0x80164ae0                        SceneCalcWorld__Fi = 0x80164ae0
                0x80164b70                        SceneCameraStuff__Fi = 0x80164b70
                0x80164b60                        CalcMaterial__Fv = 0x80164b60
                0x80164c40                        DrawOpa__Fv = 0x80164c40
                0x80164c50                        DrawXlu__Fv = 0x80164c50
                0x802d2d90                        ChangeAlphaUpdate__Fb = 0x802d2d90
                0x802d2d30                        ChangeColorUpdate__Fb = 0x802d2d30
                0x8006cae0                        DoSpecialDrawing1__Fv = 0x8006cae0
                0x8006cb40                        DoSpecialDrawing2__Fv = 0x8006cb40
                0x80163030                        SetupLYTDrawing__Fv = 0x80163030
                0x80162f80                        ClearLayoutDrawList__Fv = 0x80162f80
                0x800067a0                        RenderAllLayouts__Fv = 0x800067a0
                0x80163110                        DrawAllLayoutsBeforeX__Fi = 0x80163110
                0x801631a0                        DrawAllLayoutsAfterX__Fi = 0x801631a0
                0x80163230                        DrawAllLayoutsAfterXandBeforeY__Fii = 0x80163230
                0x80007300                        findPaneByName__Q23m2d17EmbedLayoutBase_cCFPCc = 0x80007300
                0x80007320                        findTextBoxByName__Q23m2d17EmbedLayoutBase_cCFPCc = 0x80007320
                0x800073d0                        findPictureByName__Q23m2d17EmbedLayoutBase_cCFPCc = 0x800073d0
                0x80007470                        findWindowByName__Q23m2d17EmbedLayoutBase_cCFPCc = 0x80007470
                0x800c88d0                        __ct__Q23m2d13EmbedLayout_cFv = 0x800c88d0
                0x800c8920                        __dt__Q23m2d13EmbedLayout_cFv = 0x800c8920
                0x800c8c30                        loadArc__Q23m2d13EmbedLayout_cFPCcb = 0x800c8c30
                0x800c8ce0                        getPanes__Q23m2d13EmbedLayout_cCFPPCcPPQ34nw4r3lyt4Panei = 0x800c8ce0
                0x800c8d50                        getWindows__Q23m2d13EmbedLayout_cCFPPCcPPQ34nw4r3lyt6Windowi = 0x800c8d50
                0x800c8dc0                        getPictures__Q23m2d13EmbedLayout_cCFPPCcPPQ34nw4r3lyt7Picturei = 0x800c8dc0
                0x800c8e30                        getTextBoxes__Q23m2d13EmbedLayout_cCFPPCcPPQ34nw4r3lyt7TextBoxi = 0x800c8e30
                0x800c8ea0                        setLangStrings__Q23m2d13EmbedLayout_cFPPCcPCiii = 0x800c8ea0
                0x800c8f30                        loadAnimations__Q23m2d13EmbedLayout_cFPPCci = 0x800c8f30
                0x800c9070                        loadGroups__Q23m2d13EmbedLayout_cFPPCcPCii = 0x800c9070
                0x800c9270                        enableNonLoopAnim__Q23m2d13EmbedLayout_cFib = 0x800c9270
                0x800c9300                        enableLoopAnim__Q23m2d13EmbedLayout_cFi = 0x800c9300
                0x800c9350                        resetAnim__Q23m2d13EmbedLayout_cFib = 0x800c9350
                0x800c9480                        disableAllAnimations__Q23m2d13EmbedLayout_cFv = 0x800c9480
                0x800c9590                        isAnimOn__Q23m2d13EmbedLayout_cFi = 0x800c9590
                0x800c95c0                        isAnyAnimOn__Q23m2d13EmbedLayout_cFv = 0x800c95c0
                0x800c98b0                        free__Q23m2d13EmbedLayout_cFv = 0x800c98b0
                0x800c94e0                        execAnimations__Q23m2d13EmbedLayout_cFv = 0x800c94e0
                0x80163470                        attachArc__Q23m2d8ResAcc_cFPvPCc = 0x80163470
                0x801635f0                        setSpeed__Q23m2d11FrameCtrl_cFf = 0x801635f0
                0x80163660                        scheduleForDrawing__Q23m2d6Base_cFv = 0x80163660
                0x80093f10                        RenderEffects__Fii = 0x80093f10
                0x80164c80                        RemoveAllFromScnRoot__Fv = 0x80164c80
                0x80164cd0                        Reset3DState__Fv = 0x80164cd0
                0x8024d3e0                        GetRenderModeObj__Q34nw4r3g3d8G3DStateFv = 0x8024d3e0
                0x802535e0                        __ct__Q34nw4r3g3d6CameraFPQ34nw4r3g3d10CameraData = 0x802535e0
                0x80253a80                        SetOrtho__Q34nw4r3g3d6CameraFffffff = 0x80253a80
                0x80253a40                        SetPerspective__Q34nw4r3g3d6CameraFffff = 0x80253a40
                0x80253c30                        SetViewportJitter__Q34nw4r3g3d6CameraFUi = 0x80253c30
                0x802537d0                        SetPosture__Q34nw4r3g3d6CameraFRCQ44nw4r3g3d6Camera11PostureInfo = 0x802537d0
                0x80253760                        SetPosition__Q34nw4r3g3d6CameraFRC7Point3d = 0x80253760
                0x802539f0                        SetCameraMtxDirectly__Q34nw4r3g3d6CameraFRA3_A4_Cf = 0x802539f0
                0x80253ec0                        GetCameraMtx__Q34nw4r3g3d6CameraCFPA3_A4_f = 0x80253ec0
                0x8023a670                        CheckRevision__Q34nw4r3g3d7ResFileCFv = 0x8023a670
                0x8023a3a0                        Init__Q34nw4r3g3d7ResFileFv = 0x8023a3a0
                0x8023a160                        Bind__Q34nw4r3g3d7ResFileFQ34nw4r3g3d7ResFile = 0x8023a160
                0x80239c40                        GetResMdl__Q34nw4r3g3d7ResFileCFPCc = 0x80239c40
                0x80239d30                        GetResTex__Q34nw4r3g3d7ResFileCFPCc = 0x80239d30
                0x8042a0e8                        g3dMemAllocator__Q24nw4r3g3d = 0x8042a0e8
                0x8025c830                        __ScnMdl__Construct__Q24nw4r3g3dFPvPUiPvUii = 0x8025c830
                0x8025a190                        __ScnMdlSimple__Construct__Q24nw4r3g3dFPvPUiPvi = 0x8025a190
                0x80164c60                        InsertIntoScene__Q24nw4r3g3dFPv = 0x80164c60
                0x8023b570                        GetResMat__Q34nw4r3g3d6ResMdlCFPCc = 0x8023b570
                0x8023b010                        GetResNode__Q34nw4r3g3d6ResMdlCFPCc = 0x8023b010
                0x80164d60                        DisableIndirectTexturing__3m3dFv = 0x80164d60
                0x802c7a80                        InitTexObjWithResTex__3m3dFP9_GXTexObjPvUiUiUiUi = 0x802c7a80
                0x80164de0                        setup__Q23m3d6proc_cFPvPUi = 0x80164de0
                0x8000f720                        returnUnknown__Q23m3d6proc_cFv = 0x8000f720
                0x80169e20                        __ct__Q23m3d9scnLeaf_cFv = 0x80169e20
                0x80169e40                        __dt__Q23m3d9scnLeaf_cFv = 0x80169e40
                0x80169ea0                        free__Q23m3d9scnLeaf_cFv = 0x80169ea0
[...]
                0x803159b6                        CurrentStartedArea = 0x803159b6
                0x803159b7                        CurrentStartedEntrance = 0x803159b7
                0x800b2ec0                        GetRandomSeed = 0x800b2ec0
                0x80429c64                        RandomSeed = 0x80429c64
                0x800b2ee0                        MakeRandomNumber__Fi = 0x800b2ee0
                0x801611b0                        MakeRandomNumberForTiles__Fi = 0x801611b0
                0x804276ae                        StrangeReplayValue1 = 0x804276ae
                0x80429a89                        StrangeReplayValue2 = 0x80429a89
                0x80429a8a                        StrangeReplayValue3 = 0x80429a8a
                0x801b5d90                        OSGetTime = 0x801b5d90
                0x801b5e90                        OSTicksToCalendarTime = 0x801b5e90
                0x802e14f8                        snprintf = 0x802e14f8
                0x80924424                        continueFromReplayHookStart = 0x80924424
                0x801020ac                        continueFromReplayEndHook = 0x801020ac
                0x800b5ff0                        returnFromRecorder = 0x800b5ff0
                0x8091f42c                        dontSkipReplayPrepare = 0x8091f42c
                0x8091f64c                        doSkipReplayPrepare = 0x8091f64c
                0x801092c0                        GetSomeGlobalClass = 0x801092c0
                0x80429fb8                        SomeUnknownClass5408 = 0x80429fb8
                0x8042a160                        SomeWipeClass = 0x8042a160
                0x800b3b50                        QueryGlobal5758 = 0x800b3b50
                0x809a16a8                        Crsin_EffectResWaitProc = 0x809a16a8
                0x809a1668                        Crsin_ReplayResWaitProc = 0x809a1668
                0x80429a7c                        SoundClassRelated = 0x80429a7c
                0x8042a1a8                        BufferToCheckIfPlaying = 0x8042a1a8
                0x801952b0                        StopSoundBasic = 0x801952b0
                0x80195d20                        StopSoundRelated = 0x80195d20
                0x8017d330                        GetHermiteCurveValue = 0x8017d330
                0x8017d330                        GetHermiteCurveValue__FfP10HermiteKeyUi = 0x8017d330
                0x8016c6a0                        SpawnEffect = 0x8016c6a0
                0x802d78b0                        __ct__Q23EGG6EffectFv = 0x802d78b0
                0x80329788                        __vt__Q23mEf8effect_c = 0x80329788
                0x803296c0                        __vt__Q23mEf3es2 = 0x803296c0
                0x80025f60                        __dt__Q23mEf3es2Fv = 0x80025f60
                0x800b3100                        RectanglesOverlap__FP7Point3dP7Point3dP7Point3dP7Point3d = 0x800b3100
                0x802e8424                        fmod = 0x802e8424
                0x800964a0                        usedForDeterminingStatePress_or_playerCollision = 0x800964a0
                0x80097170                        DoStuffAndMarkDead = 0x80097170
                0x8015f300                        SmoothRotation = 0x8015f300
                0x8006d090                        ClassAt1EC_Init = 0x8006d090
                0x8009ea50                        HandlesOverallScale = 0x8009ea50
                0x800b5660                        posIsInZone = 0x800b5660
                0x80429d28                        ScreenPositionClass = 0x80429d28
                0x800d8be0                        ShakeScreen = 0x800d8be0
                0x80ae7b68                        //__vt__9daEnemy_c = 0x80ae7b68
                0x809a4da0                        _vf58__9daEnemy_cFv = 0x809a4da0
                0x809a4d90                        _vf5C__9daEnemy_cFv = 0x809a4d90
                0x809a4de0                        _vf68__9daEnemy_cFv = 0x809a4de0
                0x809a2e10                        ptrToWhichPlayer__9daEnemy_cFv = 0x809a2e10
                0x809a4dd0                        _vf74__9daEnemy_cFv = 0x809a4dd0
                0x809a4dc0                        _vf7C__9daEnemy_cFv = 0x809a4dc0
                0x809a4db0                        _vfB8__9daEnemy_cFv = 0x809a4db0
                0x809a4e20                        _vf228__9daEnemy_cFv = 0x809a4e20
                0x809a4e10                        _vf23C__9daEnemy_cFv = 0x809a4e10
                0x809a4e00                        _vf240__9daEnemy_cFv = 0x809a4e00
                0x809a4df0                        _vf244__9daEnemy_cFv = 0x809a4df0
                0x809f5390                        __ct_11daEnDosun_cFv = 0x809f5390
                0x809f5420                        __ct_14daEnBigDosun_cFv = 0x809f5420
                0x80ae7b28                        __vt__11daEnDosun_c = 0x80ae7b28
                0x809f54b0                        onCreate__11daEnDosun_cFv = 0x809f54b0
                0x809f5890                        onDelete__11daEnDosun_cFv = 0x809f5890
                0x809f5710                        onExecute__11daEnDosun_cFv = 0x809f5710
                0x809f5760                        onDraw__11daEnDosun_cFv = 0x809f5760
                0x809f6a00                        __dt_11daEnDosun_cFv = 0x809f6a00
                0x809f69d0                        kill__11daEnDosun_cFv = 0x809f69d0
                0x809f60d0                        killedByLevelClear__11daEnDosun_cFv = 0x809f60d0
                0x809f5910                        collisionCat3_StarPower__11daEnDosun_cFP13ActivePhysicsP13ActivePhysics = 0x809f5910
                0x809f58a0                        _vf108__11daEnDosun_cFP13ActivePhysicsP13ActivePhysics = 0x809f58a0
                0x809f69f0                        collisionCatD_Drill__11daEnDosun_cFP13ActivePhysicsP13ActivePhysics = 0x809f69f0
                0x809f5950                        _vf110__11daEnDosun_cFP13ActivePhysicsP13ActivePhysics = 0x809f5950
                0x809f69e0                        collisionCat7_GroundPound__11daEnDosun_cFP13ActivePhysicsP13ActivePhysics = 0x809f69e0
                0x809f6960                        collisionCat9_RollingObject__11daEnDosun_cFP13ActivePhysicsP13ActivePhysics = 0x809f6960
                0x809f69a0                        collisionCat1_Fireball_E_Explosion__11daEnDosun_cFP13ActivePhysicsP13ActivePhysics = 0x809f69a0
                0x809f6970                        collisionCat2_IceBall_15_YoshiIce__11daEnDosun_cFP13ActivePhysicsP13ActivePhysics = 0x809f6970
                0x809f59e0                        _vf144__11daEnDosun_cFi = 0x809f59e0
                0x809f66c0                        DieFall_Begin__11daEnDosun_cFv = 0x809f66c0
                0x809f67d0                        DieFall_Execute__11daEnDosun_cFv = 0x809f67d0
                0x809f67c0                        DieFall_End__11daEnDosun_cFv = 0x809f67c0
                0x809f68e0                        Ice_Begin__11daEnDosun_cFv = 0x809f68e0
                0x809f6950                        Ice_Execute__11daEnDosun_cFv = 0x809f6950
                0x809f6940                        Ice_End__11daEnDosun_cFv = 0x809f6940
                0x809f5b20                        CreateIceActors__11daEnDosun_cFv = 0x809f5b20
                0x809f5cb0                        setupBodyModel__11daEnDosun_cFv = 0x809f5cb0
                0x809f5df0                        s_809F6530__11daEnDosun_cFv = 0x809f5df0
                0x809f5f60                        spawnEffects__11daEnDosun_cFv = 0x809f5f60
                0x80b13c50                        StateID_UpWait__11daEnDosun_c = 0x80b13c50
                0x80b13c90                        StateID_DownMoveWait__11daEnDosun_c = 0x80b13c90
                0x80b13cd0                        StateID_PuruMove__11daEnDosun_c = 0x80b13cd0
                0x80b13d10                        StateID_DownMove_Kameck__11daEnDosun_c = 0x80b13d10
                0x80b13d50                        StateID_DownMove__11daEnDosun_c = 0x80b13d50
                0x80b13d90                        StateID_DownWait__11daEnDosun_c = 0x80b13d90
                0x80b13dd0                        StateID_UpMove__11daEnDosun_c = 0x80b13dd0
                0x80b13e0c                        StateID_DieFall__11daEnDosun_c = 0x80b13e0c
                0x80b13e4c                        StateID_Ice__11daEnDosun_c = 0x80b13e4c
                0x809f5f60                        SpawnThwompEffects = 0x809f5f60
                0x80056370                        HurtMarioBecauseOfBeingSquashed = 0x80056370
                0x80429a60                        instance__7StageE4 = 0x80429a60
                0x80066a40                        killAllEnemiesAtLevelEnd__7StageE4Fi = 0x80066a40
                0x80999288                        JrClownEndDemoState = 0x80999288
                0x80999184                        JrClownDemoWaitState = 0x80999184
                0x80357b5c                        ClownDemoWaitState = 0x80357b5c
                0x80066630                        spawnCoinJump__7StageE4FRC7Point3diii = 0x80066630
                0x800757b0                        sub_800757B0__14collisionMgr_cFP7Point3dPfUcic = 0x800757b0
                0x803da2e0                        sException__Q24nw4r2dbFv = 0x803da2e0
                0x80429c9c                        m_instance__10dScStage_c = 0x80429c9c
                0x801018e0                        getGameDisplay__10dScStage_cFv = 0x801018e0
                0x80429ec0                        ms_instance__10daWmPlayer_c = 0x80429ec0
                0x801598f8                        setTimer__14dGameDisplay_cFi = 0x801598f8
                0x80101cc0                        m_currentTime__14dGameDisplay = 0x80101cc0

.text           0x00000000     0x12cc
 FILL mask 0x00000000
                0x00000000                        __text_start = .
 *(.init)
 *(.text)
 .text          0x00000000     0x10e8 tmp\fasthack.o
                0x00000000                preGameLoop
                0x00000038                onGameLoop
                0x00000188                onStageCreated
                0x00000224                GetPlayers__Fv
                0x000002a8                getLevelInfo__FPUiPUiPUc
                0x00000314                SetLives__Fv
                0x00000368                ToggleMods
                0x000005c0                changeActivePhysicsRect
                0x00000668                Grow
                0x000006a4                Shrink
                0x000006e0                SmallerAndNoYoshi
                0x000007c8                NahFuckThat
                0x000008c4                TowerFunc
                0x00000a40                WaterLevel
                0x00000bbc                Worldmapify
 .text          0x000010e8       0x68 tmp\fasthack.o
                0x000010e8                sqrtf__Ff
                0x00001150                        __ctor_loc = .
 *(.ctors)
                0x00001150                        __ctor_end = .
 *(.dtors)
 *(.rodata)
 .rodata        0x00001150       0x38 tmp\fasthack.o
 *(.data)
 .data          0x00001188      0x108 tmp\fasthack.o
 *(.bss)
 .bss           0x00001290       0x3c tmp\fasthack.o
                0x000012b0                Modifiers
                0x000012b8                Players
 *(.fini)
 *(.rodata.*)
                0x000012cc                        __text_end = .
LOAD tmp\fasthack.o
OUTPUT(PA_ASM/n_jpn_object.plf elf32-powerpc)

.line           0x00000000      0x6b4
 .line          0x00000000      0x6b4 tmp\fasthack.o
                0x00000008                .line.preGameLoop
                0x00000030                .line.onGameLoop
                0x00000116                .line.onStageCreated
                0x0000015c                .line.GetPlayers__Fv
                0x000001a2                .line.getLevelInfo__FPUiPUiPUc
                0x00000206                .line.SetLives__Fv
                0x00000242                .line.ToggleMods
                0x000002d8                .line.changeActivePhysicsRect
                0x0000036e                .line.Grow
                0x0000038c                .line.Shrink
                0x000003aa                .line.SmallerAndNoYoshi
                0x0000040e                .line.NahFuckThat
                0x00000486                .line.TowerFunc
                0x000004ea                .line.WaterLevel
                0x00000544                .line.Worldmapify
                0x0000068c                .line.sqrtf__Ff

.debug          0x00000000     0xe7ac
 .debug         0x00000000     0xe7ac tmp\fasthack.o
                0x000000bc                .dwarf.0013.TreeNode::TreeNode
                0x000001db                .dwarf.0013.LinkListEntry::LinkListEntry
                0x000002aa                .dwarf.0013.OrderedLinkListEntry::OrderedLinkListEntry
                0x0000034c                .dwarf.0017..3209
                0x000003ba                .dwarf.0004.Actors
                0x00003df6                .dwarf.0002.fBase_c::fBase_c
                0x00004234                .dwarf.0002.dBase_c::dBase_c
                0x000043a3                .dwarf.0013.S16Vec::S16Vec
                0x00004874                .dwarf.0002.mMtx::mMtx
                0x000049b2                .dwarf.0002.dActor_c::dActor_c
                0x00004d35                .dwarf.0013.Point2d::Point2d
                0x00004f86                .dwarf.0002.ActivePhysics::ActivePhysics
                0x000054f7                .dwarf.0013.lineSensor_s::lineSensor_s
                0x000056ba                .dwarf.0013.pointSensor_s::pointSensor_s
                0x00005765                .dwarf.0013.sensorBase_s::sensorBase_s
                0x0000583a                .dwarf.0013.Physics::Unknown::Unknown
                0x00005ce1                .dwarf.0013.Physics::Info::Info
                0x00005f79                .dwarf.0002.Physics::Physics
                0x000068d8                .dwarf.0013.collisionMgr_c::slopeParams_s::slopeParams_s
                0x00006b8f                .dwarf.0013.vLine_s::vLine_s
                0x00006c7b                .dwarf.0013.hLine_s::hLine_s
                0x00007415                .dwarf.0002.collisionMgr_c::collisionMgr_c
                0x00008635                .dwarf.0002.dStageActor_c::dStageActor_c
                0x00009324                .dwarf.0004.dPlayerInput_c::Flags
                0x000094b5                .dwarf.0002.dPlayerInput_c::dPlayerInput_c
                0x00009917                .dwarf.0002.dStatePointless_c::dStatePointless_c
                0x00009a8f                .dwarf.0002.dStateMethodExecutorBase_c::dStateMethodExecutorBase_c
                0x00009cfb                .dwarf.0002.dStateBase_c::dStateBase_c
                0x00009e21                .dwarf.0002.dStateExecutorBase_c::dStateExecutorBase_c
                0x00009e7a                .dwarf.0002.dState_c<10daPlBase_c>::dState_c
                0x00009f6b                .dwarf.0002.dStateMethodExecutor_c<10daPlBase_c>::dStateMethodExecutor_c
                0x0000a12f                .dwarf.0002.dStateExecutor_c<10daPlBase_c>::dStateExecutor_c
                0x0000a3a2                .dwarf.0002.dStateMgrBase_c::dStateMgrBase_c
                0x0000a769                .dwarf.0002.dStateMgr_c::dStateMgr_c
                0x0000a95d                .dwarf.0002.dStateWrapperBase_c<10daPlBase_c>::dStateWrapperBase_c
                0x0000ab15                .dwarf.0002.dStateWrapper_c<10daPlBase_c>::dStateWrapper_c
                0x0000ad44                .dwarf.0002.daPlBase_c::daPlBase_c
                0x0000af75                .dwarf.0007.YoshiPtr
                0x0000af9b                .dwarf.0007.MarPow
                0x0000afbd                .dwarf.0007.LuiPow
                0x0000afdf                .dwarf.0007.YTPow
                0x0000b000                .dwarf.0007.BTPow
                0x0000b021                .dwarf.0006.preGameLoop
                0x0000b04d                .dwarf.0006.onGameLoop
                0x0000b0a7                .dwarf.0006.onStageCreated
                0x0000b134                .dwarf.0007.Modifiers
                0x0000b2a1                .dwarf.0002.daYoshi_c::daYoshi_c
                0x0000b465                .dwarf.0002.dAc_Py_c::dAc_Py_c
                0x0000b5a8                .dwarf.0007.Players
                0x0000b5cd                .dwarf.0006.GetPlayers__Fv
                0x0000b6f7                .dwarf.0002.nw4r::ut::LinkListNode::LinkListNode
                0x0000b79c                .dwarf.0002.nw4r::ut::LinkList::LinkList
                0x0000b88b                .dwarf.0013.TPLTexHeader::TPLTexHeader
                0x0000bad1                .dwarf.0013.TPLPalHeader::TPLPalHeader
                0x0000bb49                .dwarf.0013.TPLImage::TPLImage
                0x0000bbf0                .dwarf.0013.TPLPalette::TPLPalette
                0x0000bcfa                .dwarf.0002.nw4r::lyt::TexMap::TexMap
                0x0000bf09                .dwarf.0002.nw4r::lyt::Material::Material
                0x0000c049                .dwarf.0002.nw4r::lyt::AnimationLink::AnimationLink
                0x0000c0c7                .dwarf.0002.nw4r::ut::Rect::Rect
                0x0000c201                .dwarf.0002.nw4r::lyt::DrawInfo::DrawInfo
                0x0000c467                .dwarf.0002.nw4r::lyt::AnimTransform::AnimTransform
                0x0000c500                .dwarf.0002.nw4r::lyt::AnimResource::AnimResource
                0x0000c886                .dwarf.0013._gx_color::_gx_color
                0x0000c988                .dwarf.0002.nw4r::ut::Color::Color
                0x0000cb71                .dwarf.0002.nw4r::lyt::Pane::Pane
                0x0000d169                .dwarf.0002.nw4r::lyt::TextBox::TextBox
                0x0000d3fb                .dwarf.0002.dGameDisplay_c::dGameDisplay_c
                0x0000d49d                .dwarf.0002.dScStage_c::dScStage_c
                0x0000d652                .dwarf.0006.getLevelInfo__FPUiPUiPUc
                0x0000d729                .dwarf.0006.SetLives__Fv
                0x0000d761                .dwarf.0006.ToggleMods
                0x0000d87c                .dwarf.0013.ActivePhysics::Info::Info
                0x0000da44                .dwarf.0006.changeActivePhysicsRect
                0x0000db58                .dwarf.0006.Grow
                0x0000db7d                .dwarf.0006.Shrink
                0x0000dba4                .dwarf.0006.SmallerAndNoYoshi
                0x0000dc03                .dwarf.0006.NahFuckThat
                0x0000dc2f                .dwarf.0006.TowerFunc
                0x0000dcce                .dwarf.0006.WaterLevel
                0x0000ddb2                .dwarf.0013.Point3d::Point3d
                0x0000de35                .dwarf.0006.Worldmapify
                0x0000dff6                .dwarf.0013.Remocon::Remocon
                0x0000e557                .dwarf.0013.RemoconMngClass::RemoconMngClass
                0x0000e5d2                .dwarf.0007.RemoconMng
                0x0000e5fd                .dwarf.0007.ActiveWiimoteID
                0x0000e648                .dwarf.0007.Player_Lives
                0x0000e672                .dwarf.0007.m_instance__10dScStage_c
                0x0000e74e                .dwarf.0006.sqrtf__Ff

.comment        0x00000000     0x16c4
 .comment       0x00000000     0x16c4 tmp\fasthack.o
