
There are no discarded input sections

Memory Configuration

Name             Origin             Length             Attributes
*default*        0x00000000         0xffffffff

Linker script and memory map

                0x80429fd8                        instance__7StageC4 = 0x80429fd8
                0x8023b360                        GetResNodeNumEntries__Q34nw4r3g3d6ResMdlCFv = 0x8023b360
                0x801d5540                        MEMAllocFromAllocator = 0x801d5540
                0x8034e690                        __vt__Q34nw4r3g3d9AnmObjChr = 0x8034e690
                0x8034e588                        __vt__Q34nw4r3g3d12AnmObjChrRes = 0x8034e588
                0x80241690                        GetAnmResult__Q34nw4r3g3d9ResAnmChrCFPQ34nw4r3g3d12ChrAnmResultUlf = 0x80241690
                0x800d5dd0                        StartAnimOrig = 0x800d5dd0
                0x80142030                        setCcData__8dAc_Py_cFv = 0x80142030
                0x80141e30                        setCcDataDirect__8dAc_Py_cFv = 0x80141e30
                0x80142660                        setBcData__8dAc_Py_cFi = 0x80142660
                0x802cc480                        beginDebugDraw_Q23EGG12LightTextureFv = 0x802cc480
                0x80004030                        __set_debug_bba = 0x80004030
                0x80032ab0                        __sinit__d_a_en_kuribo_base_cpp__Fv = 0x80032ab0
                0x80150760                        setEatMouthCall__9daYoshi_cFP8dActor_c = 0x80150760
                0x8014f590                        setEatActorMouthIn__9daYoshi_cFv = 0x8014f590
                0x8014eb80                        setRideOffPlayer__9daYoshi_cFv = 0x8014eb80
                0x801399a0                        setRideOnYoshi__8dAc_Py_cFP9daYoshi_c = 0x801399a0
                0x8004ba50                        grandPowerSet__10daPlBase_cFv = 0x8004ba50
                0x8014b920                        YoshiStateOrig = 0x8014b920
                0x80234a80                        Exception_Printf___Q24nw4r2dbFPCce = 0x80234a80
                0x8154cce4                        MarPow = 0x8154cce4
                0x815472b4                        LuiPow = 0x815472b4
                0x8154459c                        YTPow = 0x8154459c
                0x81549fcc                        BTPow = 0x81549fcc
                0x80354e20                        YoshiPtr = 0x80354e20
                0x80839b14                        ContinueFromFuckLineLiftActivation = 0x80839b14
                0x80998d30                        GabonRock_DropOutState = 0x80998d30
                0x80998cf0                        GabonRock_CrushState = 0x80998cf0
                0x8001ded0                        forceHCGROPushBack = 0x8001ded0
                0x8001dec8                        continueFromHCGRO = 0x8001dec8
                0x8042792e                        DanceValues_AnimSpeed = 0x8042792e
                0x80429d69                        DanceValues_DummyBlockAndGrass = 0x80429d69
                0x80429d6a                        DanceValues_Bahps = 0x80429d6a
                0x80429d6b                        DanceValues_CreditsControl = 0x80429d6b
                0x8042a21f                        CreditsModeActive = 0x8042a21f
                0x800d90c0                        GetRail = 0x800d90c0
                0x8042a008                        instance__7Stage80 = 0x8042a008
                0x80060254                        continueAddToCoinCount = 0x80060254
                0x800b3544                        continueAddToScore = 0x800b3544
                0x800b5180                        StaffCreditsAddCoin = 0x800b5180
                0x802bc3c4                        ContinueFromEFBMagic2 = 0x802bc3c4
                0x80ab6de0                        TogeTekkyuIceballCollision = 0x80ab6de0
                0x8042a4a8                        _8042A788 = 0x8042a4a8
                0x8019c250                        sub_8019C390 = 0x8019c250
                0x80b8c390                        StateID_Wait__24daEnBossKoopaDemoPeach_c = 0x80b8c390
                0x80b8c3d0                        StateID_Call__24daEnBossKoopaDemoPeach_c = 0x80b8c3d0
                0x80b8c410                        StateID_Turn__24daEnBossKoopaDemoPeach_c = 0x80b8c410
                0x80b8c450                        StateID_Open__24daEnBossKoopaDemoPeach_c = 0x80b8c450
                0x80b8c490                        StateID_Rescue__24daEnBossKoopaDemoPeach_c = 0x80b8c490
                0x80b8c4d0                        StateID_Thank__24daEnBossKoopaDemoPeach_c = 0x80b8c4d0
                0x80301504                        __vt__12daBossDemo_c = 0x80301504
                0x8001ccb0                        onExecute__12daBossDemo_cFv = 0x8001ccb0
                0x8001ccf0                        onDraw__12daBossDemo_cFv = 0x8001ccf0
                0x8001cd00                        willBeDeleted__12daBossDemo_cFv = 0x8001cd00
                0x8001cd10                        onDelete__12daBossDemo_cFv = 0x8001cd10
                0x8001d190                        endState_BattleEdDemo__12daBossDemo_cFv = 0x8001d190
                0x8001d1a0                        executeState_BattleEdDemo__12daBossDemo_cFv = 0x8001d1a0
                0x8001d180                        beginState_BattleEdDemo__12daBossDemo_cFv = 0x8001d180
                0x8001d100                        endState_BattleIn__12daBossDemo_cFv = 0x8001d100
                0x8001d110                        executeState_BattleIn__12daBossDemo_cFv = 0x8001d110
                0x8001d090                        beginState_BattleIn__12daBossDemo_cFv = 0x8001d090
                0x8001d070                        endState_BattleStDemo__12daBossDemo_cFv = 0x8001d070
                0x8001d080                        executeState_BattleStDemo__12daBossDemo_cFv = 0x8001d080
                0x8001d060                        beginState_BattleStDemo__12daBossDemo_cFv = 0x8001d060
                0x8001cf60                        endState_Ready__12daBossDemo_cFv = 0x8001cf60
                0x8001cf70                        executeState_Ready__12daBossDemo_cFv = 0x8001cf70
                0x8001cf50                        beginState_Ready__12daBossDemo_cFv = 0x8001cf50
                0x8001ce00                        beatLevel__12daBossDemo_cFv = 0x8001ce00
                0x8001ce40                        exitLevel__12daBossDemo_cFv = 0x8001ce40
                0x80429d88                        instance__19BalloonRelatedClass = 0x80429d88
                0x802f1350                        PlayerAnimStates = 0x802f1350
                0x8011a6f0                        ContinueFromFixFireballSensorSetup = 0x8011a6f0
                0x800b37e0                        GetPosForLayoutEffect__FP7Point3db = 0x800b37e0
                0x80a123ec                        ContinueFromJustOneBomb = 0x80a123ec
                0x8015f4f0                        SmoothRotation__FPsss = 0x8015f4f0
                0x8081f430                        KazanRock_OriginalCollisionCallback = 0x8081f430
                0x8081f1a0                        KazanRock_Explode = 0x8081f1a0
                0x8005fb90                        GetPlayerOrYoshi__Fi = 0x8005fb90
                0x8005fb90                        findByID__10daPlBase_cFi = 0x8005fb90
                0x8005f900                        findByID__7dAcPy_cFi = 0x8005f900
                0x80051f30                        justFaceSpecificDirection__10daPlBase_cFi = 0x80051f30
                0x80052080                        moveInDirection__10daPlBase_cFPfPf = 0x80052080
                0x80139950                        getYoshi__7dAcPy_cFv = 0x80139950
                0x80052170                        setAnimePlayWithAnimID__10daPlBase_cFi = 0x80052170
                0x80052290                        setAnimePlayStandardType__10daPlBase_cFi = 0x80052290
                0x8005e3b0                        setFlag__14dPlayerInput_cFQ214dPlayerInput_c5Flags = 0x8005e3b0
                0x8005e910                        setPermanentForcedButtons__14dPlayerInput_cFUi = 0x8005e910
                0x8005e960                        setTransientForcedButtons__14dPlayerInput_cFUi = 0x8005e960
                0x8005e930                        unsetPermanentForcedButtons__14dPlayerInput_cFUi = 0x8005e930
                0x80056c70                        setFlag__10daPlBase_cFi = 0x80056c70
                0x80056cb0                        clearFlag__10daPlBase_cFi = 0x80056cb0
                0x80056cf0                        testFlag__10daPlBase_cFi = 0x80056cf0
                0x80052030                        isReadyForDemoControlAction__10daPlBase_cFv = 0x80052030
                0x8042a100                        instance__15dWaterManager_c = 0x8042a100
                0x800eb930                        queryPosition__15dWaterManager_cFP7Point2dP7Point2dPfPsi = 0x800eb930
                0x800a0c70                        OriginalPowBlockActivated = 0x800a0c70
                0x80002eee                        isReplayEnabled = 0x80002eee
                0x800b44d0                        UpdateSelectCursor = 0x800b44d0
                0x8010c780                        HideSelectCursor = 0x8010c780
                0x8042a2c8                        SelectCursorPointer = 0x8042a2c8
                0x807afba0                        getIconPictureIDforPlayer__12dStockItem_cFi = 0x807afba0
                0x800b32e0                        CrapUpPositions__FP7Point3dPC7Point3d = 0x800b32e0
                0x800fc914                        ContinueFromCalcPowerupResult = 0x800fc914
                0x800fc8dc                        ContinueFromFixCalcPowerupResultForMushroom = 0x800fc8dc
                0x807af9b8                        ContinueFromSILayoutExtraStuffs = 0x807af9b8
                0x807b0b4c                        ContinueFromResetHammerAnimOnOpen = 0x807b0b4c
                0x807af850                        ContinueFromHideItemsByDefault = 0x807af850
                0x807b0854                        MakeSFISound = 0x807b0854
                0x807b08b0                        ContinueFromSIAddSound = 0x807b08b0
                0x807b0d14                        ChosenStartChoice = 0x807b0d14
                0x807b2270                        ContinueFromSISLayoutExtraStuffs = 0x807b2270
                0x807b2538                        ContinueFromUpdateSIS = 0x807b2538
                0x8042a310                        EnemyBounceValue = 0x8042a310
                0x80162d00                        search__7fBase_cFUi = 0x80162d00
                0x80162d50                        search__7fBase_cF6ActorsP7fBase_c = 0x80162d50
                0x80162db0                        searchByBaseType__7fBase_cFiP7fBase_c = 0x80162db0
                0x800bb2e0                        AddStockPowerup = 0x800bb2e0
                0x808aafe0                        continueFromStrongBox2 = 0x808aafe0
                0x808aa4e8                        continueFromStrongBox = 0x808aa4e8
                0x8042a4a8                        _8042A788 = 0x8042a4a8
                0x8019c250                        playFanfare__FPvi = 0x8019c250
                0x8019c9f0                        somethingAboutSound__FPv = 0x8019c9f0
                0x80262e90                        AxVoice_SetADPCM = 0x80262e90
                0x80281950                        Voice_SetADPCMLoop = 0x80281950
                0x8027a200                        DetachSound__Q34nw4r3snd11SoundHandleFv = 0x8027a200
                0x80266440                        Pause__Q44nw4r3snd6detail10BasicSoundFbi = 0x80266440
                0x80266250                        Stop__Q44nw4r3snd6detail10BasicSoundFi = 0x80266250
                0x802674b0                        SetPitch__Q44nw4r3snd6detail10BasicSoundFf = 0x802674b0
                0x80267420                        SetVolume__Q44nw4r3snd6detail10BasicSoundFfi = 0x80267420
                0x8027f890                        StrmSound_SetTrackVolume = 0x8027f890
                0x8042a1b0                        DontShowPreGame = 0x8042a1b0
                0x80373d60                        RESTART_CRSIN_LevelStartStruct = 0x80373d60
                0x800ca574                        DrawTheFuckingHat = 0x800ca574
                0x800ca5a8                        DontDrawTheFuckingHat = 0x800ca5a8
                0x8004e050                        continueFromMpPauseFix1 = 0x8004e050
                0x80141460                        continueFromMpPauseFix2 = 0x80141460
                0x80141164                        continueFromMpPauseFix3 = 0x80141164
                0x800fc9c0                        CheckIfSinglePlayer = 0x800fc9c0
                0x800e587c                        TextWriterCrapContinue = 0x800e587c
                0x80926b20                        StockWMInit_LoadEffects__FPv = 0x80926b20
                0x80093520                        CleanUpEffectThings__Fv = 0x80093520
                0x800934d0                        FreeEffects__Fi = 0x800934d0
                0x80093170                        FreeBreff__Fi = 0x80093170
                0x800931b0                        FreeBreft__Fi = 0x800931b0
                0x80092e30                        __dt__18BGGMEffectRendererFv = 0x80092e30
                0x80311608                        __vt__18BGGMEffectRenderer = 0x80311608
                0x802dc9a0                        __construct_array = 0x802dc9a0
                0x800cdc60                        GetBMG__Fv = 0x800cdc60
                0x802d7860                        findStringForMessageID__Q23EGG6MsgResCFii = 0x802d7860
                0x800c9a60                        WriteBMGToTextBox__FPQ34nw4r3lyt7TextBoxPQ27dScript5Res_ciiie = 0x800c9a60
                0x801643b0                        m2d__Anm_c__Load = 0x801643b0
                0x80163e60                        m2d__AnmResHandler_c__Load = 0x80163e60
                0x801446e0                        RealAcPyDtor = 0x801446e0
                0x808c5510                        RealWm2dPlayerDtor = 0x808c5510
                0x800b3be0                        InsertIntIntoTextBox1 = 0x800b3be0
                0x800b3b60                        WriteNumberToTextBox__FPiPCiPQ34nw4r3lyt7TextBoxb = 0x800b3b60
                0x800b3be0                        WriteNumberToTextBox__FPiPQ34nw4r3lyt7TextBoxb = 0x800b3be0
                0x80810490                        __ct__20daJrClownForPlayer_cFv = 0x80810490
                0x80810550                        __dt__20daJrClownForPlayer_cFv = 0x80810550
                0x800a3600                        PClownCarExecute = 0x800a3600
                0x800951d0                        PClownCarAfterCreate = 0x800951d0
                0x80810ba0                        PClownCarDraw = 0x80810ba0
                0x80811e80                        PClownCarMove = 0x80811e80
                0x80812114                        ContinueFromClownCarDetectAdjacent = 0x80812114
                0x8042e2d0                        sAllocatorFunc__FrmHeap = 0x8042e2d0
                0x8005ffb0                        GetActivePlayerCount = 0x8005ffb0
                0x8005ffb0                        GetCountofActivePlayers = 0x8005ffb0
                0x8005fef0                        GetActiveLivingPlayerCount = 0x8005fef0
                0x80082240                        getEffectiveScreenLeft__19ClassWithCameraInfoFv = 0x80082240
                0x80429e00                        instance__19ClassWithCameraInfo = 0x80429e00
                0x8005b5d0                        BowserExitDemoState = 0x8005b5d0
                0x807cce20                        MagicEnd = 0x807cce20
                0x80804690                        KeyLoopSet = 0x80804690
                0x809b2900                        BigHanaPlayer = 0x809b2900
                0x809b2b10                        BigHanaYoshi = 0x809b2b10
                0x809b2dc0                        BigHanaWeirdGP = 0x809b2dc0
                0x809b2d30                        BigHanaGroundPound = 0x809b2d30
                0x809b3a90                        BigHanaFireball = 0x809b3a90
                0x809b3a60                        BigHanaIceball = 0x809b3a60
                0x801460f0                        dAcPy_vf3F4 = 0x801460f0
                0x801461d0                        dAcPy_vf3F8 = 0x801461d0
                0x801468d0                        dAcPy_vf3FC = 0x801468d0
                0x80047390                        dAcPy_vf294 = 0x80047390
                0x809ddbc0                        Cloud_death_execute = 0x809ddbc0
                0x809dfd80                        Cloud_execute = 0x809dfd80
                0x8042a368                        GlobalTickCount = 0x8042a368
                0x8005f900                        GetSpecificPlayerActor = 0x8005f900
                0x80162d00                        Actor_SearchByID = 0x80162d00
                0x80429cfa                        TimeStopFlag = 0x80429cfa
                0x800e39c8                        TimerBranch = 0x800e39c8
                0x8042b864                        MarioDescentRate = 0x8042b864
                0x802f561c                        MarioJumpArc = 0x802f561c
                0x8042b848                        MarioJumpMax = 0x8042b848
                0x802f5664                        MiniMarioJumpArc = 0x802f5664
                0x8042b874                        MarioSize = 0x8042b874
                0x80064540                        AlwaysDrawFlag = 0x80064540
                0x80064544                        AlwaysDrawBranch = 0x80064544
                0x800b2ee0                        GenerateRandomNumber = 0x800b2ee0
                0x800ce8c0                        OneofManySoundPlayers = 0x800ce8c0
                0x80b12ac8                        BombSleepState = 0x80b12ac8
                0x800a0b08                        NoFreezie = 0x800a0b08
                0x8042a070                        GameTimer = 0x8042a070
                0x80d25c38                        GameTimerB = 0x80d25c38
                0x8042b788                        EightyPointZero = 0x8042b788
                0x8042ca60                        OneHundredPointZero = 0x8042ca60
                0x800e1e60                        DoSceneChange__FUsUiUi = 0x800e1e60
                0x80237ba0                        FrSqrt__Q24nw4r4mathFf = 0x80237ba0
                0x80237bd0                        SinFIdx__Q24nw4r4mathFf = 0x80237bd0
                0x80237c40                        CosFIdx__Q24nw4r4mathFf = 0x80237c40
                0x80237ca0                        SinCosFIdx__Q24nw4r4mathFPfPff = 0x80237ca0
                0x8042a44c                        archiveHeap__5mHeap = 0x8042a44c
                0x8042a450                        commandHeap__5mHeap = 0x8042a450
                0x8042a454                        dylinkHeap__5mHeap = 0x8042a454
                0x8042a458                        assertHeap__5mHeap = 0x8042a458
                0x80377c48                        gameHeaps__5mHeap = 0x80377c48
                0x800db180                        init__18StandOnTopColliderFP13dStageActor_cfffffsUcP7Point2d = 0x800db180
                0x800db130                        __ct__18StandOnTopColliderFv = 0x800db130
                0x80044400                        __dt__18StandOnTopColliderFv = 0x80044400
                0x800dae00                        __dt__13BasicColliderFv = 0x800dae00
                0x8042a01c                        globalListHead__13BasicCollider = 0x8042a01c
                0x800dae80                        addToList__13BasicColliderFv = 0x800dae80
                0x800db450                        __ct__21RideableActorColliderFv = 0x800db450
                0x800db4a0                        init__21RideableActorColliderFP13dStageActor_cP7Point2dP7Point2d = 0x800db4a0
                0x800db530                        init__21RideableActorColliderFP13dStageActor_cffff = 0x800db530
                0x800db590                        setPosition__21RideableActorColliderFP7Point2dP7Point2d = 0x800db590
                0x800db5f0                        setPosition__21RideableActorColliderFffff = 0x800db5f0
                0x800bc6b0                        drawWithMatrix__21SomethingAboutShroomsFfP4mMtx = 0x800bc6b0
                0x8087f8e0                        original_onCreate__13daObjKinoko_cFv = 0x8087f8e0
                0x80429e98                        instance__13dCourseFull_c = 0x80429e98
                0x8008e890                        getRectByID__9dCourse_cFUcP5mRect = 0x8008e890
                0x8008e3d0                        getNextGotoByID__9dCourse_cFUc = 0x8008e3d0
                0x80057820                        modifyPlayerPropertiesWithRollingObject = 0x80057820
                0x80a582e0                        EN_LandbarrelPlayerCollision = 0x80a582e0
                0x80429d48                        instance__16dStageActorMgr_c = 0x80429d48
                0x807db430                        StartBGMMusic = 0x807db430
                0x807db440                        StopBGMMusic = 0x807db440
                0x80429f10                        instance__11dStage32C_c = 0x80429f10
                0x80429c94                        instance__7WLClass = 0x80429c94
                0x8005ca50                        disableDemoControl__7WLClassFb = 0x8005ca50
                0x8005c930                        demoControlAllPlayers__7WLClassFv = 0x8005c930
                0x800d8c60                        ShakeScreen = 0x800d8c60
                0x8042a008                        StageScreen = 0x8042a008
                0x80137510                        stunPlayer = 0x80137510
                0x80137650                        unstunPlayer = 0x80137650
                0x80064680                        createChild__13dStageActor_cF6ActorsP13dStageActor_cUiP7Point3dP6S16VecUc = 0x80064680
                0x8001cdb0                        GameMgrBossEndFunc = 0x8001cdb0
                0x807c7f60                        MakeMarioEnterDemoMode = 0x807c7f60
                0x8005ca50                        MakeMarioExitDemoMode = 0x8005ca50
                0x8005ca50                        ForceMarioExitDemoMode = 0x8005ca50
                0x80052170                        ResetPlayerState = 0x80052170
                0x8001cdb0                        UpdateGameMgr = 0x8001cdb0
                0x80056cb0                        UnsetShit = 0x80056cb0
                0x80999c44                        StateID_DemoSt2__12daKameckDemo = 0x80999c44
                0x80999c84                        StateID_DemoSt__12daKameckDemo = 0x80999c84
                0x80999cc4                        StateID_DemoWait__12daKameckDemo = 0x80999cc4
                0x80b8bfec                        StateID_Fall__13daBossKoopa_c = 0x80b8bfec
                0x8099cfcc                        StateID_DemoWait__9daNeedles = 0x8099cfcc
                0x8099d010                        StateID_DemoAwake__9daNeedles = 0x8099d010
                0x8099d050                        StateID_Idle__9daNeedles = 0x8099d050
                0x8099d090                        StateID_Die__9daNeedles = 0x8099d090
                0x8035421c                        StateID_None__7dPlayer = 0x8035421c
                0x8035425c                        StateID_Walk__7dPlayer = 0x8035425c
                0x8035429c                        StateID_Jump__7dPlayer = 0x8035429c
                0x8035469c                        StateID_DemoNone__7dPlayer = 0x8035469c
                0x8035471c                        StateID_DemoWait__7dPlayer = 0x8035471c
                0x80354adc                        StateID_DemoGoal__7dPlayer = 0x80354adc
                0x80354b1c                        StateID_DemoControl__7dPlayer = 0x80354b1c
                0x808a94d0                        PlayWrenchSound = 0x808a94d0
                0x8042a100                        WaterManager = 0x8042a100
                0x800eb930                        CheckforLiquid = 0x800eb930
                0x80b7e880                        BowserFireballCollision = 0x80b7e880
                0x80b3f240                        BowserDamageAnmClr = 0x80b3f240
                0x80b1f910                        BowserDamageStepTwo = 0x80b1f910
                0x80b1f930                        BowserDamageNormal = 0x80b1f930
                0x80098d80                        BowserDamageKill = 0x80098d80
                0x80b3f570                        BowserDamageEnd = 0x80b3f570
                0x8008c3e0                        ActivePhysics_InitWithStruct = 0x8008c3e0
                0x8008c330                        ActivePhysics_AddToList = 0x8008c330
                0x8008c200                        __ct__13ActivePhysicsFv = 0x8008c200
                0x8008c260                        __dt__13ActivePhysicsFv = 0x8008c260
                0x8006cd90                        HandleXSpeed = 0x8006cd90
                0x8006cde0                        HandleYSpeed = 0x8006cde0
                0x8006cd40                        UpdateObjectPosBasedOnSpeedValues_real = 0x8006cd40
                0x80096240                        dSprite_c__getXDirectionOfFurthestPlayerRelativeToVEC3 = 0x80096240
                0x80064740                        CalculateDistanceFromActorsNextPosToFurthestPlayer = 0x80064740
                0x800955f0                        doSpriteMovement = 0x800955f0
                0x80429ee8                        instance__17dEffectBreakMgr_c = 0x80429ee8
                0x800925f0                        spawnTile__17dEffectBreakMgr_cFP7Point3dUic = 0x800925f0
                0x80070cb0                        CollidedWithTile = 0x80070cb0
                0x80096e60                        SomeStrangeModification = 0x80096e60
                0x8006ced0                        Actor_GetVec3WithValuesAdded = 0x8006ced0
                0x8006a4b0                        ConvertStagePositionIntoScreenPosition__Maybe = 0x8006a4b0
                0x80197f00                        AnotherSoundRelatedFunction = 0x80197f00
                0x80198fc0                        YetAnotherSoundPlayer = 0x80198fc0
                0x80196600                        CheckIfPlayingSound = 0x80196600
                0x80105240                        RelatedToPlayingSoundsAlongsideAnims = 0x80105240
                0x8042a488                        SoundRelatedClass = 0x8042a488
                0x80195380                        MapSoundPlayer = 0x80195380
                0x80195090                        PlaySoundWithFunctionB4 = 0x80195090
                0x8006a4b0                        ConvertStagePositionToScreenPosition__FP7Point2dP7Point3d = 0x8006a4b0
                0x80198c30                        PlaySoundAtPosition__17SoundPlayingClassFiP7Point2dUi = 0x80198c30
                0x80429d60                        instance2__17SoundPlayingClass = 0x80429d60
                0x80102260                        ExitStage__Fiiii = 0x80102260
                0x80102264                        ExitStageRealRest = 0x80102264
                0x8042900c                        LastPowerupStoreType = 0x8042900c
                0x8016f150                        zero__4mMtxFv = 0x8016f150
                0x8016ebf0                        rotationX__4mMtxFPs = 0x8016ebf0
                0x8016ecb0                        applyRotationX__4mMtxFPs = 0x8016ecb0
                0x8016ed10                        rotationY__4mMtxFPs = 0x8016ed10
                0x8016edd0                        applyRotationY__4mMtxFPs = 0x8016edd0
                0x8016ee30                        rotationZ__4mMtxFPs = 0x8016ee30
                0x8016eef0                        applyRotationZ__4mMtxFPs = 0x8016eef0
                0x8016ef50                        applyRotationYXZ__4mMtxFPsPsPs = 0x8016ef50
                0x8016efd0                        applyRotationZYX__4mMtxFPsPsPs = 0x8016efd0
                0x802dcca8                        _savefpr_14 = 0x802dcca8
                0x802dccac                        _savefpr_15 = 0x802dccac
                0x802dccb0                        _savefpr_16 = 0x802dccb0
                0x802dccb4                        _savefpr_17 = 0x802dccb4
                0x802dccb8                        _savefpr_18 = 0x802dccb8
                0x802dccbc                        _savefpr_19 = 0x802dccbc
                0x802dccc0                        _savefpr_20 = 0x802dccc0
                0x802dccc4                        _savefpr_21 = 0x802dccc4
                0x802dccc8                        _savefpr_22 = 0x802dccc8
                0x802dcccc                        _savefpr_23 = 0x802dcccc
                0x802dccd0                        _savefpr_24 = 0x802dccd0
                0x802dccd4                        _savefpr_25 = 0x802dccd4
                0x802dccd8                        _savefpr_26 = 0x802dccd8
                0x802dccdc                        _savefpr_27 = 0x802dccdc
                0x802dcce0                        _savefpr_28 = 0x802dcce0
                0x802dcce4                        _savefpr_29 = 0x802dcce4
                0x802dcce8                        _savefpr_30 = 0x802dcce8
                0x802dccec                        _savefpr_31 = 0x802dccec
                0x802dccf4                        _restfpr_14 = 0x802dccf4
                0x802dccf8                        _restfpr_15 = 0x802dccf8
                0x802dccfc                        _restfpr_16 = 0x802dccfc
                0x802dcd00                        _restfpr_17 = 0x802dcd00
                0x802dcd04                        _restfpr_18 = 0x802dcd04
                0x802dcd08                        _restfpr_19 = 0x802dcd08
                0x802dcd0c                        _restfpr_20 = 0x802dcd0c
                0x802dcd10                        _restfpr_21 = 0x802dcd10
                0x802dcd14                        _restfpr_22 = 0x802dcd14
                0x802dcd18                        _restfpr_23 = 0x802dcd18
                0x802dcd1c                        _restfpr_24 = 0x802dcd1c
                0x802dcd20                        _restfpr_25 = 0x802dcd20
                0x802dcd24                        _restfpr_26 = 0x802dcd24
                0x802dcd28                        _restfpr_27 = 0x802dcd28
                0x802dcd2c                        _restfpr_28 = 0x802dcd2c
                0x802dcd30                        _restfpr_29 = 0x802dcd30
                0x802dcd34                        _restfpr_30 = 0x802dcd34
                0x802dcd38                        _restfpr_31 = 0x802dcd38
                0x802dcd40                        _savegpr_14 = 0x802dcd40
                0x802dcd44                        _savegpr_15 = 0x802dcd44
                0x802dcd48                        _savegpr_16 = 0x802dcd48
                0x802dcd4c                        _savegpr_17 = 0x802dcd4c
                0x802dcd50                        _savegpr_18 = 0x802dcd50
                0x802dcd54                        _savegpr_19 = 0x802dcd54
                0x802dcd58                        _savegpr_20 = 0x802dcd58
                0x802dcd5c                        _savegpr_21 = 0x802dcd5c
                0x802dcd60                        _savegpr_22 = 0x802dcd60
                0x802dcd64                        _savegpr_23 = 0x802dcd64
                0x802dcd68                        _savegpr_24 = 0x802dcd68
                0x802dcd6c                        _savegpr_25 = 0x802dcd6c
                0x802dcd70                        _savegpr_26 = 0x802dcd70
                0x802dcd74                        _savegpr_27 = 0x802dcd74
                0x802dcd78                        _savegpr_28 = 0x802dcd78
                0x802dcd7c                        _savegpr_29 = 0x802dcd7c
                0x802dcd80                        _savegpr_30 = 0x802dcd80
                0x802dcd84                        _savegpr_31 = 0x802dcd84
                0x802dcd8c                        _restgpr_14 = 0x802dcd8c
                0x802dcd90                        _restgpr_15 = 0x802dcd90
                0x802dcd94                        _restgpr_16 = 0x802dcd94
                0x802dcd98                        _restgpr_17 = 0x802dcd98
                0x802dcd9c                        _restgpr_18 = 0x802dcd9c
                0x802dcda0                        _restgpr_19 = 0x802dcda0
                0x802dcda4                        _restgpr_20 = 0x802dcda4
                0x802dcda8                        _restgpr_21 = 0x802dcda8
                0x802dcdac                        _restgpr_22 = 0x802dcdac
                0x802dcdb0                        _restgpr_23 = 0x802dcdb0
                0x802dcdb4                        _restgpr_24 = 0x802dcdb4
                0x802dcdb8                        _restgpr_25 = 0x802dcdb8
                0x802dcdbc                        _restgpr_26 = 0x802dcdbc
                0x802dcdc0                        _restgpr_27 = 0x802dcdc0
                0x802dcdc4                        _restgpr_28 = 0x802dcdc4
                0x802dcdc8                        _restgpr_29 = 0x802dcdc8
                0x802dcdcc                        _restgpr_30 = 0x802dcdcc
                0x802dcdd0                        _restgpr_31 = 0x802dcdd0
                0x802dd1ec                        __shl2i = 0x802dd1ec
                0x802b9210                        __nw__FUl = 0x802b9210
                0x802b9280                        __dl__FPv = 0x802b9280
                0x802b9290                        __dla__FPv = 0x802b9290
                0x802dc7e0                        __construct_new_array = 0x802dc7e0
                0x802dcb10                        __destroy_new_array = 0x802dcb10
                0x802dca98                        __destroy_arr = 0x802dca98
                0x80024c20                        sub_80024C20 = 0x80024c20
                0x802dc780                        __register_global_object = 0x802dc780
                0x802dcbfc                        __ptmf_scall = 0x802dcbfc
                0x8015f600                        setup__13FunctionChainFPPFPv_bUs = 0x8015f600
                0x8006cf40                        __ct__14collisionMgr_c = 0x8006cf40
                0x8006cf40                        __dt__14collisionMgr_c = 0x8006cf40
                0x8006cfe0                        clear1__14collisionMgr_cFv = 0x8006cfe0
                0x8006d000                        clear2__14collisionMgr_cFv = 0x8006d000
                0x8006d090                        init__14collisionMgr_cFP13dStageActor_cPC12sensorBase_sPC12sensorBase_sPC12sensorBase_s = 0x8006d090
                0x8006d440                        Clear3__14collisionMgr_cFv = 0x8006d440
                0x8006db30                        calculateBelowCollision__14collisionMgr_cFv = 0x8006db30
                0x80070cb0                        isOnTopOfTile__14collisionMgr_cCFv = 0x80070cb0
                0x8006ef40                        calculateAboveCollision__14collisionMgr_cFUi = 0x8006ef40
                0x80072bc0                        calculateBelowCollisionWithSmokeEffect__14collisionMgr_cFv = 0x80072bc0
                0x8006fa40                        calculateAdjacentCollision__14collisionMgr_cFPf = 0x8006fa40
                0x80070760                        s_80070760__14collisionMgr_cFv = 0x80070760
                0x800707e0                        s_800707E0__14collisionMgr_cFv = 0x800707e0
                0x80070ba0                        getTileBehaviour1At__14collisionMgr_cFffUc = 0x80070ba0
                0x80070bf0                        getTileBehaviour2At__14collisionMgr_cFffUc = 0x80070bf0
                0x80053600                        clearStoredSColls__14collisionMgr_cFv = 0x80053600
                0x800b8440                        __ct_11freezeMgr_c = 0x800b8440
                0x800b84e0                        __dt__11freezeMgr_cFv = 0x800b84e0
                0x800b8550                        doSomethingCool1__11freezeMgr_c = 0x800b8550
                0x800b8620                        doSomethingCool2__11freezeMgr_c = 0x800b8620
                0x800b86f0                        setSomething__11freezeMgr_cFUiUiUi = 0x800b86f0
                0x800b8700                        Create_ICEACTORs__11freezeMgr_cFPvi = 0x800b8700
                0x800b8850                        Delete_ICEACTORs__11freezeMgr_c = 0x800b8850
                0x800b88d0                        SetIceTimer_pt1__11freezeMgr_c = 0x800b88d0
                0x800b8930                        SetIceTimer_pt2__11freezeMgr_c = 0x800b8930
                0x800b89b0                        CheckIceTimer_lte_Value__11freezeMgr_c = 0x800b89b0
                0x800b8a20                        doSomethingCool3__11freezeMgr_c = 0x800b8a20
                0x800b8ab0                        doSomethingCool4__11freezeMgr_c = 0x800b8ab0
                0x800b8b30                        doSomethingCool5__11freezeMgr_c = 0x800b8b30
                0x800b8bb0                        doSomethingCool6__11freezeMgr_c = 0x800b8bb0
                0x800b8c30                        DoMeltNormal__11freezeMgr_c = 0x800b8c30
                0x800b8cf0                        doSomethingCool7__11freezeMgr_c = 0x800b8cf0
                0x800b8ee0                        CheckCountdownTimer__11freezeMgr_c = 0x800b8ee0
                0x80329410                        __vt__7fBase_c = 0x80329410
                0x80161d80                        onCreate__7fBase_cFv = 0x80161d80
                0x80161e30                        onDelete__7fBase_cFv = 0x80161e30
                0x801620d0                        onExecute__7fBase_cFv = 0x801620d0
                0x801622d0                        willBeDeleted__7fBase_cFv = 0x801622d0
                0x801625f0                        moreHeapShit__7fBase_cFUiPv = 0x801625f0
                0x801627f0                        createHeap__7fBase_cFUiPv = 0x801627f0
                0x801628b0                        heapCreated__7fBase_cFv = 0x801628b0
                0x80162510                        Delete__7fBase_cFv = 0x80162510
                0x801629b0                        findNextUninitialisedProcess__7fBase_cFv = 0x801629b0
                0x80162a20                        hasUninitialisedProcesses__7fBase_cFv = 0x80162a20
                0x801621d0                        onDraw__7fBase_cFv = 0x801621d0
                0x80162510                        _Z15fBase_c__DeletePv = 0x80162510
                0x80162510                        fBase_c__Delete__FPv = 0x80162510
                0x80317860                        __vt__15StageActorLight = 0x80317860
                0x800cca80                        init__15StageActorLight_FPvi = 0x800cca80
                0x800ccb40                        update__15StageActorLight = 0x800ccb40
                0x800ccbf0                        draw__15StageActorLight = 0x800ccbf0
                0x800414a0                        __dt__15StageActorLight = 0x800414a0
                0x8006c660                        GetExplanationString__7dBase_cFv = 0x8006c660
                0x80301ea8                        __vt__15daEnBlockMain_c = 0x80301ea8
                0x80023340                        __dt__15daEnBlockMain_cFv = 0x80023340
                0x80022e80                        calledWhenUpMoveBegins__15daEnBlockMain_cFv = 0x80022e80
                0x80022f60                        calledWhenDownMoveBegins__15daEnBlockMain_cFv = 0x80022f60
                0x80022f30                        calledWhenUpMoveExecutes__15daEnBlockMain_cFv = 0x80022f30
                0x800231a0                        calledWhenUpMoveDiffExecutes__15daEnBlockMain_cFv = 0x800231a0
                0x80023010                        calledWhenDownMoveExecutes__15daEnBlockMain_cFv = 0x80023010
                0x80023080                        calledWhenDownMoveEndExecutes__15daEnBlockMain_cFv = 0x80023080
                0x800232c0                        calledWhenDownMoveDiffExecutes__15daEnBlockMain_cFv = 0x800232c0
                0x80023330                        calledWhenDownMoveDiffEndExecutes__15daEnBlockMain_cFv = 0x80023330
                0x80022dc0                        updateScale__15daEnBlockMain_cFb = 0x80022dc0
                0x80022e60                        upMove_Begin__15daEnBlockMain_cFv = 0x80022e60
                0x80022ea0                        upMove_Execute__15daEnBlockMain_cFv = 0x80022ea0
                0x80022e90                        upMove_End__15daEnBlockMain_cFv = 0x80022e90
                0x80022f40                        downMove_Begin__15daEnBlockMain_cFv = 0x80022f40
                0x80022f80                        downMove_Execute__15daEnBlockMain_cFv = 0x80022f80
                0x80022f70                        downMove_End__15daEnBlockMain_cFv = 0x80022f70
                0x80023020                        downMoveEnd_Begin__15daEnBlockMain_cFv = 0x80023020
                0x80023040                        downMoveEnd_Execute__15daEnBlockMain_cFv = 0x80023040
                0x80023030                        downMoveEnd_End__15daEnBlockMain_cFv = 0x80023030
                0x80023090                        upMove_Diff_Begin__15daEnBlockMain_cFv = 0x80023090
                0x800230d0                        upMove_Diff_Execute__15daEnBlockMain_cFv = 0x800230d0
                0x800230c0                        upMove_Diff_End__15daEnBlockMain_cFv = 0x800230c0
                0x800231b0                        downMove_Diff_Begin__15daEnBlockMain_cFv = 0x800231b0
                0x800231f0                        downMove_Diff_Execute__15daEnBlockMain_cFv = 0x800231f0
                0x800231e0                        downMove_Diff_End__15daEnBlockMain_cFv = 0x800231e0
                0x800232d0                        downMove_DiffEnd_Begin__15daEnBlockMain_cFv = 0x800232d0
                0x800232f0                        downMove_DiffEnd_Execute__15daEnBlockMain_cFv = 0x800232f0
                0x800232e0                        downMove_DiffEnd_End__15daEnBlockMain_cFv = 0x800232e0
                0x80021690                        blockInit__15daEnBlockMain_cFf = 0x80021690
                0x800217b0                        blockUpdate__15daEnBlockMain_cFv = 0x800217b0
                0x800212c0                        blockResult__15daEnBlockMain_cFv = 0x800212c0
                0x80021180                        PhysicsCallback1__15daEnBlockMain_c = 0x80021180
                0x80021170                        PhysicsCallback2__15daEnBlockMain_c = 0x80021170
                0x800211a0                        PhysicsCallback3__15daEnBlockMain_c = 0x800211a0
                0x80020bf0                        OPhysicsCallback1__15daEnBlockMain_c = 0x80020bf0
                0x80020e70                        OPhysicsCallback2__15daEnBlockMain_c = 0x80020e70
                0x80021010                        OPhysicsCallback3__15daEnBlockMain_c = 0x80021010
                0x80352a34                        StateID_UpMove__15daEnBlockMain_c = 0x80352a34
                0x80352a74                        StateID_DownMove__15daEnBlockMain_c = 0x80352a74
                0x80352ab4                        StateID_DownMoveEnd__15daEnBlockMain_c = 0x80352ab4
                0x80352af4                        StateID_UpMove_Diff__15daEnBlockMain_c = 0x80352af4
                0x80352b34                        StateID_DownMove_Diff__15daEnBlockMain_c = 0x80352b34
                0x80352b74                        StateID_DownMove_DiffEnd__15daEnBlockMain_c = 0x80352b74
                0x80094e80                        __ct__5dEn_cFv = 0x80094e80
                0x80095130                        __dt__5dEn_cFv = 0x80095130
                0x800951d0                        afterCreate__5dEn_cFi = 0x800951d0
                0x80095240                        beforeExecute__5dEn_cFv = 0x80095240
                0x80095480                        afterExecute__5dEn_cFi = 0x80095480
                0x800954a0                        beforeDraw__5dEn_cFv = 0x800954a0
                0x80097f70                        kill__5dEn_cFv = 0x80097f70
                0x80097c40                        eatIn__5dEn_cFv = 0x80097c40
                0x80097cb0                        disableEatIn__5dEn_cFv = 0x80097cb0
                0x80097d30                        _vf8C__5dEn_cFPv = 0x80097d30
                0x800973f0                        _vfCC__5dEn_cFP7Point2df = 0x800973f0
                0x800974f0                        _vfD0__5dEn_cFP7Point2df = 0x800974f0
                0x800a7df0                        doStateChange__5dEn_cFP12dStateBase_c = 0x800a7df0
                0x80095950                        collisionCallback__5dEn_cFP13ActivePhysicsP13ActivePhysics = 0x80095950
                0x80095ce0                        preSpriteCollision__5dEn_cFP13ActivePhysicsP13ActivePhysics = 0x80095ce0
                0x80095d30                        prePlayerCollision__5dEn_cFP13ActivePhysicsP13ActivePhysics = 0x80095d30
                0x80095f50                        preYoshiCollision__5dEn_cFP13ActivePhysicsP13ActivePhysics = 0x80095f50
                0x80096060                        stageActorCollision__5dEn_cFP13ActivePhysicsP13ActivePhysics = 0x80096060
                0x80095c10                        spriteCollision__5dEn_cFP13ActivePhysicsP13ActivePhysics = 0x80095c10
                0x80095c20                        playerCollision__5dEn_cFP13ActivePhysicsP13ActivePhysics = 0x80095c20
                0x80095c80                        yoshiCollision__5dEn_cFP13ActivePhysicsP13ActivePhysics = 0x80095c80
                0x8009f840                        collisionCat3_StarPower__5dEn_cFP13ActivePhysicsP13ActivePhysics = 0x8009f840
                0x8009fb50                        collisionCat5_Mario__5dEn_cFP13ActivePhysicsP13ActivePhysics = 0x8009fb50
                0x8009fe40                        _vf108__5dEn_cFP13ActivePhysicsP13ActivePhysics = 0x8009fe40
                0x8009ffd0                        collisionCatD_Drill__5dEn_cFP13ActivePhysicsP13ActivePhysics = 0x8009ffd0
                0x8009ffc0                        _vf110__5dEn_cFP13ActivePhysicsP13ActivePhysics = 0x8009ffc0
                0x8009fce0                        collisionCat8_FencePunch__5dEn_cFP13ActivePhysicsP13ActivePhysics = 0x8009fce0
                0x800a0150                        collisionCat7_GroundPound__5dEn_cFP13ActivePhysicsP13ActivePhysics = 0x800a0150
                0x800a02d0                        collisionCat7_GroundPoundYoshi__5dEn_cFP13ActivePhysicsP13ActivePhysics = 0x800a02d0
                0x8009fcd0                        _vf120__5dEn_cFP13ActivePhysicsP13ActivePhysics = 0x8009fcd0
                0x8009fcc0                        collisionCatA_PenguinMario__5dEn_cFP13ActivePhysicsP13ActivePhysics = 0x8009fcc0
                0x8009f9d0                        collisionCat11_PipeCannon__5dEn_cFP13ActivePhysicsP13ActivePhysics = 0x8009f9d0
                0x800a0700                        collisionCat9_RollingObject__5dEn_cFP13ActivePhysicsP13ActivePhysics = 0x800a0700
                0x800a08d0                        collisionCat1_Fireball_E_Explosion__5dEn_cFP13ActivePhysicsP13ActivePhysics = 0x800a08d0
                0x800a0a30                        collisionCat2_IceBall_15_YoshiIce__5dEn_cFP13ActivePhysicsP13ActivePhysics = 0x800a0a30
                0x800a03c0                        collisionCat13_Hammer__5dEn_cFP13ActivePhysicsP13ActivePhysics = 0x800a03c0
                0x800a0550                        collisionCat14_YoshiFire__5dEn_cFP13ActivePhysicsP13ActivePhysics = 0x800a0550
                0x800a0ea0                        killWithSpecifiedState__5dEn_cFP13dStageActor_cP7Point2dP12dStateBase_cUi = 0x800a0ea0
                0x800a10b0                        _vf140__5dEn_cFP13dStageActor_c = 0x800a10b0
                0x800a0c70                        powBlockActivated__5dEn_cFb = 0x800a0c70
                0x800a12a0                        _vf148__5dEn_cFv = 0x800a12a0
                0x800a1370                        _vf14C__5dEn_cFv = 0x800a1370
                0x800206d0                        canBePowed__5dEn_cFv = 0x800206d0
                0x80096230                        eatenByYoshiProbably__5dEn_cFv = 0x80096230
                0x800a1190                        killByDieFall__5dEn_cFP13dStageActor_c = 0x800a1190
                0x800a1c00                        playHpdpSound1__5dEn_cFv = 0x800a1c00
                0x800a1bb0                        playEnemyDownSound1__5dEn_cFv = 0x800a1bb0
                0x800a1c80                        playEnemyDownComboSound__5dEn_cFPv = 0x800a1c80
                0x800a1d90                        playHpdpSound2__5dEn_cFv = 0x800a1d90
                0x800a1e10                        _vf168__5dEn_cFv = 0x800a1e10
                0x800a1470                        dieFumi_Begin__5dEn_cFv = 0x800a1470
                0x800a1600                        dieFumi_Execute__5dEn_cFv = 0x800a1600
                0x800a1820                        dieFumi_End__5dEn_cFv = 0x800a1820
                0x800a16a0                        dieFall_Begin__5dEn_cFv = 0x800a16a0
                0x800a1830                        dieFall_Execute__5dEn_cFv = 0x800a1830
                0x800a1820                        dieFall_End__5dEn_cFv = 0x800a1820
                0x800a1910                        dieBigFall_Begin__5dEn_cFv = 0x800a1910
                0x800a1930                        dieBigFall_Execute__5dEn_cFv = 0x800a1930
                0x800a1920                        dieBigFall_End__5dEn_cFv = 0x800a1920
                0x800a1980                        dieSmoke_Begin__5dEn_cFv = 0x800a1980
                0x800a1a00                        dieSmoke_Execute__5dEn_cFv = 0x800a1a00
                0x800a19f0                        dieSmoke_End__5dEn_cFv = 0x800a19f0
                0x800a1ac0                        dieYoshiFumi_Begin__5dEn_cFv = 0x800a1ac0
                0x800a1b40                        dieYoshiFumi_Execute__5dEn_cFv = 0x800a1b40
                0x800a1b30                        dieYoshiFumi_End__5dEn_cFv = 0x800a1b30
                0x800a1a10                        dieIceVanish_Begin__5dEn_cFv = 0x800a1a10
                0x800a1ab0                        dieIceVanish_Execute__5dEn_cFv = 0x800a1ab0
                0x800a1aa0                        dieIceVanish_End__5dEn_cFv = 0x800a1aa0
                0x800a1b50                        dieGoal_Begin__5dEn_cFv = 0x800a1b50
                0x800a1b70                        dieGoal_Execute__5dEn_cFv = 0x800a1b70
                0x800a1b60                        dieGoal_End__5dEn_cFv = 0x800a1b60
                0x800a1b80                        dieOther_Begin__5dEn_cFv = 0x800a1b80
                0x800a1ba0                        dieOther_Execute__5dEn_cFv = 0x800a1ba0
                0x800a1b90                        dieOther_End__5dEn_cFv = 0x800a1b90
                0x800a81c0                        eatIn_Begin__5dEn_cFv = 0x800a81c0
                0x800a81e0                        eatIn_Execute__5dEn_cFv = 0x800a81e0
                0x800a81d0                        eatIn_End__5dEn_cFv = 0x800a81d0
                0x800a8260                        eatNow_Begin__5dEn_cFv = 0x800a8260
                0x800a8280                        eatNow_Execute__5dEn_cFv = 0x800a8280
                0x800a8270                        eatNow_End__5dEn_cFv = 0x800a8270
                0x800a8290                        eatOut_Begin__5dEn_cFv = 0x800a8290
                0x800a82b0                        eatOut_Execute__5dEn_cFv = 0x800a82b0
                0x800a82a0                        eatOut_End__5dEn_cFv = 0x800a82a0
                0x800a8190                        hitSpin_Begin__5dEn_cFv = 0x800a8190
                0x800a81b0                        hitSpin_Execute__5dEn_cFv = 0x800a81b0
                0x800a81a0                        hitSpin_End__5dEn_cFv = 0x800a81a0
                0x800a7e90                        ice_Begin__5dEn_cFv = 0x800a7e90
                0x800a7f40                        ice_Execute__5dEn_cFv = 0x800a7f40
                0x800a7f30                        ice_End__5dEn_cFv = 0x800a7f30
                0x80095520                        spawnHitEffectAtPosition__5dEn_cF7Point2d = 0x80095520
                0x80095530                        doSomethingWithHardHitAndSoftHitEffects__5dEn_cF7Point3d = 0x80095530
                0x80095580                        playEnemyDownSound2__5dEn_cFv = 0x80095580
                0x800955d0                        add2ToYSpeed__5dEn_cFv = 0x800955d0
                0x80095890                        _vf218__5dEn_cFv = 0x80095890
                0x80097770                        _vf21C__5dEn_cFv = 0x80097770
                0x80097f20                        _vf220__5dEn_cFPv = 0x80097f20
                0x80097f60                        _vf224__5dEn_cFv = 0x80097f60
                0x800206c0                        _vf228__5dEn_cFv = 0x800206c0
                0x800a8060                        CreateIceActors__5dEn_cFv = 0x800a8060
                0x800a8150                        _vf230__5dEn_cFv = 0x800a8150
                0x800a8160                        _vf234__5dEn_cFv = 0x800a8160
                0x800a8180                        _vf238__5dEn_cFv = 0x800a8180
                0x800206b0                        _vf23C__5dEn_cFv = 0x800206b0
                0x800206a0                        _vf240__5dEn_cFv = 0x800206a0
                0x80020690                        _vf244__5dEn_cFv = 0x80020690
                0x800968e0                        _vf248__5dEn_cFi = 0x800968e0
                0x80096710                        bouncePlayerWhenJumpedOn__5dEn_cFPv = 0x80096710
                0x80096700                        addScoreWhenHit__5dEn_cFPv = 0x80096700
                0x80096720                        _vf254__5dEn_cFPv = 0x80096720
                0x80096760                        _vf258__5dEn_cFPv = 0x80096760
                0x80096770                        _vf25C__5dEn_cFPv = 0x80096770
                0x80096910                        _vf260__5dEn_cFPv = 0x80096910
                0x80096d60                        _vf264__5dEn_cFP13dStageActor_c = 0x80096d60
                0x80096a20                        _vf268__5dEn_cFPv = 0x80096a20
                0x80096df0                        spawnHitEffectAtPositionAgain__5dEn_cF7Point2d = 0x80096df0
                0x80096c40                        playMameStepSound__5dEn_cFv = 0x80096c40
                0x80096e50                        _vf274__5dEn_cFv = 0x80096e50
                0x80096b30                        _vf278__5dEn_cFPv = 0x80096b30
                0x80096e40                        _vf27C__5dEn_cFv = 0x80096e40
                0x80357bb4                        StateID_DieFumi__5dEn_c = 0x80357bb4
                0x80357bf4                        StateID_DieFall__5dEn_c = 0x80357bf4
                0x80357c34                        StateID_DieBigFall__5dEn_c = 0x80357c34
                0x80357c74                        StateID_DieSmoke__5dEn_c = 0x80357c74
                0x80357cb4                        StateID_DieIceVanish__5dEn_c = 0x80357cb4
                0x80357cf4                        StateID_DieYoshiFumi__5dEn_c = 0x80357cf4
                0x80357d34                        StateID_DieGoal__5dEn_c = 0x80357d34
                0x80357d74                        StateID_DieOther__5dEn_c = 0x80357d74
                0x800955f0                        doSpriteMovement__5dEn_cFv = 0x800955f0
                0x800978c0                        CheckIfPlayerBelow__5dEn_cFff = 0x800978c0
                0x800957b0                        stuffRelatingToCollisions__5dEn_cFfff = 0x800957b0
                0x80097250                        checkLiquidImmersion__5dEn_cFP7Point2df = 0x80097250
                0x800967a0                        bouncePlayer__5dEn_cFPvf = 0x800967a0
                0x80066fc0                        __ct__13dActorState_cFv = 0x80066fc0
                0x800671b0                        __dt__13dActorState_cFv = 0x800671b0
                0x80067230                        beginState_Gegneric__13dActorState_cFv = 0x80067230
                0x80067240                        endState_Gegneric__13dActorState_cFv = 0x80067240
                0x80067250                        executeState_Gegneric__13dActorState_cFv = 0x80067250
                0x80067590                        _vfD8__18dActorMultiState_cFv = 0x80067590
                0x800675b0                        _vfDC__18dActorMultiState_cFv = 0x800675b0
                0x800675a0                        _vfE0__18dActorMultiState_cFv = 0x800675a0
                0x80064110                        __ct__13dStageActor_cFv = 0x80064110
                0x800642b0                        __dt__13dStageActor_cFv = 0x800642b0
                0x80064350                        beforeCreate__13dStageActor_cFv = 0x80064350
                0x80064380                        afterCreate__13dStageActor_cFi = 0x80064380
                0x80064390                        beforeDelete__13dStageActor_cFv = 0x80064390
                0x800643e0                        afterDelete__13dStageActor_cFi = 0x800643e0
                0x800643f0                        beforeExecute__13dStageActor_cFv = 0x800643f0
                0x80064490                        afterExecute__13dStageActor_cFi = 0x80064490
                0x80064540                        beforeDraw__13dStageActor_cFv = 0x80064540
                0x800645e0                        afterDraw__13dStageActor_cFi = 0x800645e0
                0x800645f0                        GetExplanationString__13dStageActor_cFv = 0x800645f0
                0x80065080                        isOutOfView__13dStageActor_cFv = 0x80065080
                0x80065650                        kill__13dStageActor_cFv = 0x80065650
                0x8001d210                        _vf68__13dStageActor_cFv = 0x8001d210
                0x8001d200                        _vf6C__13dStageActor_cFv = 0x8001d200
                0x80065620                        _vf70__13dStageActor_cFv = 0x80065620
                0x8001d1f0                        _vf74__13dStageActor_cFv = 0x8001d1f0
                0x80065820                        itemPickedUp__13dStageActor_cFv = 0x80065820
                0x8001d1e0                        _vf7C__13dStageActor_cFv = 0x8001d1e0
                0x80065830                        eatIn__13dStageActor_cFv = 0x80065830
                0x80065850                        disableEatIn__13dStageActor_cFv = 0x80065850
                0x80065860                        _vf88__13dStageActor_cFv = 0x80065860
                0x80065870                        _vf8C__13dStageActor_cFPv = 0x80065870
                0x80065880                        _vf90__13dStageActor_cFP13dStageActor_c = 0x80065880
                0x80065ac0                        _vf94__13dStageActor_cFPv = 0x80065ac0
                0x80066080                        removeMyActivePhysics__13dStageActor_cFv = 0x80066080
                0x80066090                        addMyActivePhysics__13dStageActor_cFv = 0x80066090
                0x80065950                        returnRegularScale__13dStageActor_cFv = 0x80065950
                0x80065970                        _vfA4__13dStageActor_cFPv = 0x80065970
                0x80065a00                        _vfA8__13dStageActor_cFPv = 0x80065a00
                0x80065a40                        _vfAC__13dStageActor_cFPv = 0x80065a40
                0x80065660                        killedByLevelClear__13dStageActor_cFv = 0x80065660
                0x80065b40                        _vfB4__13dStageActor_cFv = 0x80065b40
                0x8001d1d0                        _vfB8__13dStageActor_cFv = 0x8001d1d0
                0x80065b50                        _vfBC__13dStageActor_cFv = 0x80065b50
                0x80065b60                        _vfC0__13dStageActor_cFv = 0x80065b60
                0x80065b70                        _vfC4__13dStageActor_cFv = 0x80065b70
                0x80065cc0                        _vfC8__13dStageActor_cFP7Point2df = 0x80065cc0
                0x80065dc0                        _vfCC__13dStageActor_cFP7Point2df = 0x80065dc0
                0x80065ec0                        _vfD0__13dStageActor_cFP7Point2df = 0x80065ec0
                0x80064da0                        outOfZone__13dStageActor_cF7Point3dPfUc = 0x80064da0
                0x80064f50                        checkZoneBoundaries__13dStageActor_cFUi = 0x80064f50
                0x80064610                        create__13dStageActor_cF6ActorsUiP7Point3dP6S16VecUc = 0x80064610
                0x80064d10                        Delete__13dStageActor_cFUc = 0x80064d10
                0x800e19b0                        __ct__8dScene_cFv = 0x800e19b0
                0x800e1a20                        __dt__8dScene_cFv = 0x800e1a20
                0x800e1aa0                        beforeCreate__8dScene_cFv = 0x800e1aa0
                0x800e1ae0                        afterCreate__8dScene_cFi = 0x800e1ae0
                0x800e1b50                        beforeDelete__8dScene_cFv = 0x800e1b50
                0x800e1b80                        afterDelete__8dScene_cFi = 0x800e1b80
                0x800e1be0                        beforeExecute__8dScene_cFv = 0x800e1be0
                0x800e1d20                        afterExecute__8dScene_cFi = 0x800e1d20
                0x800e1d70                        beforeDraw__8dScene_cFv = 0x800e1d70
                0x800e1da0                        afterDraw__8dScene_cFi = 0x800e1da0
                0x8006c6d0                        __ct__8dActor_cFv = 0x8006c6d0
                0x8006c7f0                        __dt__8dActor_cFv = 0x8006c7f0
                0x8006cd40                        UpdateObjectPosBasedOnSpeedValuesReal__8dActor_cFv = 0x8006cd40
                0x8006cd90                        HandleXSpeed__8dActor_cFv = 0x8006cd90
                0x8006cde0                        HandleYSpeed__8dActor_cFv = 0x8006cde0
                0x8006c420                        __ct__7dBase_cFv = 0x8006c420
                0x8006c490                        __dt__7dBase_cFv = 0x8006c490
                0x8006c540                        beforeCreate__7dBase_cFv = 0x8006c540
                0x8006c570                        afterCreate__7dBase_cFi = 0x8006c570
                0x8006c580                        beforeDelete__7dBase_cFv = 0x8006c580
                0x8006c5b0                        afterDelete__7dBase_cFi = 0x8006c5b0
                0x8006c5c0                        beforeExecute__7dBase_cFv = 0x8006c5c0
                0x8006c600                        afterExecute__7dBase_cFi = 0x8006c600
                0x8006c610                        beforeDraw__7dBase_cFv = 0x8006c610
                0x8006c650                        afterDraw__7dBase_cFi = 0x8006c650
                0x8006ca50                        specialDraw1__8dActor_cFv = 0x8006ca50
                0x8006ca60                        specialDraw2__8dActor_cFv = 0x8006ca60
                0x8001d1c0                        _vf58__8dActor_cFv = 0x8001d1c0
                0x8001d1b0                        _vf5C__8dActor_cFv = 0x8001d1b0
                0x8015f7c0                        __ct__12dStateBase_cFPCc = 0x8015f7c0
                0x8015f800                        __dt__12dStateBase_cFv = 0x8015f800
                0x8015f840                        isInvalid__12dStateBase_cFv = 0x8015f840
                0x8015f850                        isEqualNotUsedForSomeReason__12dStateBase_cFP12dStateBase_c = 0x8015f850
                0x8015f8c0                        isEqual__12dStateBase_cFP12dStateBase_c = 0x8015f8c0
                0x8015f8d0                        isNotEqual__12dStateBase_cFP12dStateBase_c = 0x8015f8d0
                0x8015f920                        getName__12dStateBase_cFv = 0x8015f920
                0x8015f930                        getID__12dStateBase_cFv = 0x8015f930
                0x800142a0                        isSameStateName__12dStateBase_cFPCc = 0x800142a0
                0x80012970                        doBegin__12dStateBase_cFPv = 0x80012970
                0x80012940                        doExecute__12dStateBase_cFPv = 0x80012940
                0x80012910                        doEnd__12dStateBase_cFPv = 0x80012910
                0x80377a04                        mNoState__12dStateBase_c = 0x80377a04
                0x8015f9f0                        __dt__15dStateMgrBase_cFv = 0x8015f9f0
                0x8015fc90                        __ct__11dStateMgr_cFP17dStatePointless_cP20dStateExecutorBase_cP12dStateBase_c = 0x8015fc90
                0x800e3ae0                        __ct__10dFlagMgr_c = 0x800e3ae0
                0x800e3ba0                        setup__10dFlagMgr_cFb = 0x800e3ba0
                0x800e3f20                        applyAndClearAllTimedActions__10dFlagMgr_cFv = 0x800e3f20
                0x800e4010                        execute__10dFlagMgr_cFv = 0x800e4010
                0x800e41c0                        set__10dFlagMgr_cFUcibbbUi = 0x800e41c0
                0x800e4470                        findLowestFlagInSet__10dFlagMgr_cFUiUl = 0x800e4470
                0x800e4550                        setSpecial__10dFlagMgr_cFUcffUcUiUl = 0x800e4550
                0x800e4590                        get8__10dFlagMgr_cFUc = 0x800e4590
                0x800e45a0                        get108__10dFlagMgr_cFUc = 0x800e45a0
                0x800e45b0                        get208__10dFlagMgr_cFUc = 0x800e45b0
                0x800e45c0                        get248__10dFlagMgr_cFUc = 0x800e45c0
                0x800e45e0                        get448__10dFlagMgr_cFUc = 0x800e45e0
                0x8042a078                        instance__10dFlagMgr_c = 0x8042a078
                0x8008c2c0                        clear__13ActivePhysicsFv = 0x8008c2c0
                0x8008c380                        removeFromList__13ActivePhysicsFv = 0x8008c380
                0x8008c330                        addToList__13ActivePhysicsFv = 0x8008c330
                0x8008c3e0                        initWithStruct__13ActivePhysicsFP8dActor_cPCQ213ActivePhysics4Info = 0x8008c3e0
                0x8008c4f0                        bottom__13ActivePhysicsFv = 0x8008c4f0
                0x80429e60                        globalListHead__13ActivePhysics = 0x80429e60
                0x8007f7a0                        __ct__7PhysicsFv = 0x8007f7a0
                0x8007f810                        __dt__7PhysicsFv = 0x8007f810
                0x8007f9b0                        baseSetup__7PhysicsFP8dActor_cPvPvPvUcUc = 0x8007f9b0
                0x8007fa40                        setup__7PhysicsFP8dActor_cffffPvPvPvUcUcP7Point2d = 0x8007fa40
                0x8007fb10                        setup__7PhysicsFP8dActor_cPQ27Physics4InfoUcUcP7Point2d = 0x8007fb10
                0x80429de0                        globalListHead__7Physics = 0x80429de0
                0x8007fd80                        setPtrToRotation__7PhysicsFPs = 0x8007fd80
                0x808a2390                        spinningPhysicsCallback = 0x808a2390
                0x8007f900                        addToList__7PhysicsFv = 0x8007f900
                0x8007f950                        removeFromList__7PhysicsFv = 0x8007f950
                0x8007fda0                        update__7PhysicsFv = 0x8007fda0
                0x80078520                        getTileRendererList__7dBgGm_cFi = 0x80078520
                0x80077520                        getPointerToTile__8BgGmBaseFiiiPib = 0x80077520
                0x80077860                        placeTile__8BgGmBaseFUsUsii = 0x80077860
                0x80078410                        makeSplash__8BgGmBaseFffi = 0x80078410
                0x80014820                        add__Q212TileRenderer4ListFP12TileRenderer = 0x80014820
                0x80014860                        remove__Q212TileRenderer4ListFP12TileRenderer = 0x80014860
                0x800145b0                        __ct__12TileRendererFv = 0x800145b0
                0x800145f0                        __dt__12TileRendererFv = 0x800145f0
                0x800146b0                        setPosition__12TileRendererFfff = 0x800146b0
                0x800146d0                        setVars__12TileRendererFf = 0x800146d0
                0x800d6cc0                        __ct__21dPlayerModelHandler_cFUc = 0x800d6cc0
                0x800d6df0                        loadModel__21dPlayerModelHandler_cFUcii = 0x800d6df0
                0x800d6f40                        setSRT__21dPlayerModelHandler_cF7Point3d6S16Vec7Point3d = 0x800d6f40
                0x800d7000                        callVF20__21dPlayerModelHandler_cFv = 0x800d7000
                0x800d7020                        draw__21dPlayerModelHandler_cFv = 0x800d7020
                0x800d6e90                        update__21dPlayerModelHandler_cFv = 0x800d6e90
                0x800d6eb0                        setMatrix__21dPlayerModelHandler_cFPA3_A4_f = 0x800d6eb0
                0x80162d50                        _Z15FindActorByType6ActorsP5Actor = 0x80162d50
                0x80162d50                        FindActorByType__F6ActorsP5Actor = 0x80162d50
                0x800df180                        _Z19RetrieveFileFromArcPvPcS0_ = 0x800df180
                0x8015f730                        _Z8OSReportPKcz = 0x8015f730
                0x8015f730                        OSReport__FPCce = 0x8015f730
                0x801af5d0                        _Z7OSFatal7GXColorS_PKc = 0x801af5d0
                0x800e2580                        GetSomeSizeRelatedBULLSHIT__Fv = 0x800e2580
                0x800e26f0                        CalculateSomethingAboutRatio__Fffff = 0x800e26f0
                0x800e27c0                        CalculateSomethingElseAboutRatio__Fv = 0x800e27c0
                0x80169220                        DoSomethingCameraRelatedWithEGGScreen__FiPQ23EGG6Screen = 0x80169220
                0x8042a0ec                        GlobalScreenWidth = 0x8042a0ec
                0x8042a0f0                        GlobalScreenHeight = 0x8042a0f0
                0x8042af08                        currentScreenSizeID = 0x8042af08
                0x803504e0                        ScreenSizesAndMultipliers = 0x803504e0
                0x802c6ae0                        setOrtho__Q23EGG7FrustumFffffff = 0x802c6ae0
                0x802d0cc0                        __ct__Q23EGG6ScreenFv = 0x802d0cc0
                0x802d0aa0                        __dt__Q23EGG6ScreenFv = 0x802d0aa0
                0x80350078                        __vt__Q23EGG12LookAtCamera = 0x80350078
                0x802be880                        assignToNW4RCamera__Q23EGG12LookAtCameraFRQ34nw4r3g3d6Camera = 0x802be880
                0x802bf3d0                        __ct__Q23EGG12ProjectOrthoFv = 0x802bf3d0
                0x802bf420                        setVolume__Q23EGG12ProjectOrthoFffff = 0x802bf420
                0x80164b20                        GetCameraByID__Fi = 0x80164b20
                0x80164b40                        GetCurrentCameraID__Fv = 0x80164b40
                0x80164b50                        SetCurrentCameraID__Fi = 0x80164b50
                0x80164c10                        LinkScene__Fi = 0x80164c10
                0x80164b90                        UnlinkScene__Fi = 0x80164b90
                0x80164cd0                        SceneCalcWorld__Fi = 0x80164cd0
                0x80164d60                        SceneCameraStuff__Fi = 0x80164d60
                0x80164d50                        CalcMaterial__Fv = 0x80164d50
                0x80164e30                        DrawOpa__Fv = 0x80164e30
                0x80164e40                        DrawXlu__Fv = 0x80164e40
                0x802d2f80                        ChangeAlphaUpdate__Fb = 0x802d2f80
                0x802d2f20                        ChangeColorUpdate__Fb = 0x802d2f20
                0x8006cae0                        DoSpecialDrawing1__Fv = 0x8006cae0
                0x8006cb40                        DoSpecialDrawing2__Fv = 0x8006cb40
                0x80163220                        SetupLYTDrawing__Fv = 0x80163220
                0x80163170                        ClearLayoutDrawList__Fv = 0x80163170
                0x800067a0                        RenderAllLayouts__Fv = 0x800067a0
                0x80163300                        DrawAllLayoutsBeforeX__Fi = 0x80163300
                0x80163390                        DrawAllLayoutsAfterX__Fi = 0x80163390
                0x80163420                        DrawAllLayoutsAfterXandBeforeY__Fii = 0x80163420
                0x80007300                        findPaneByName__Q23m2d17EmbedLayoutBase_cCFPCc = 0x80007300
                0x80007320                        findTextBoxByName__Q23m2d17EmbedLayoutBase_cCFPCc = 0x80007320
                0x800073d0                        findPictureByName__Q23m2d17EmbedLayoutBase_cCFPCc = 0x800073d0
                0x80007470                        findWindowByName__Q23m2d17EmbedLayoutBase_cCFPCc = 0x80007470
                0x800c8950                        __ct__Q23m2d13EmbedLayout_cFv = 0x800c8950
                0x800c89a0                        __dt__Q23m2d13EmbedLayout_cFv = 0x800c89a0
                0x800c8cb0                        loadArc__Q23m2d13EmbedLayout_cFPCcb = 0x800c8cb0
                0x800c8d60                        getPanes__Q23m2d13EmbedLayout_cCFPPCcPPQ34nw4r3lyt4Panei = 0x800c8d60
                0x800c8dd0                        getWindows__Q23m2d13EmbedLayout_cCFPPCcPPQ34nw4r3lyt6Windowi = 0x800c8dd0
                0x800c8e40                        getPictures__Q23m2d13EmbedLayout_cCFPPCcPPQ34nw4r3lyt7Picturei = 0x800c8e40
                0x800c8eb0                        getTextBoxes__Q23m2d13EmbedLayout_cCFPPCcPPQ34nw4r3lyt7TextBoxi = 0x800c8eb0
                0x800c8f20                        setLangStrings__Q23m2d13EmbedLayout_cFPPCcPCiii = 0x800c8f20
                0x800c8fb0                        loadAnimations__Q23m2d13EmbedLayout_cFPPCci = 0x800c8fb0
                0x800c90f0                        loadGroups__Q23m2d13EmbedLayout_cFPPCcPCii = 0x800c90f0
                0x800c92f0                        enableNonLoopAnim__Q23m2d13EmbedLayout_cFib = 0x800c92f0
                0x800c9380                        enableLoopAnim__Q23m2d13EmbedLayout_cFi = 0x800c9380
                0x800c93d0                        resetAnim__Q23m2d13EmbedLayout_cFib = 0x800c93d0
                0x800c9500                        disableAllAnimations__Q23m2d13EmbedLayout_cFv = 0x800c9500
                0x800c9610                        isAnimOn__Q23m2d13EmbedLayout_cFi = 0x800c9610
                0x800c9640                        isAnyAnimOn__Q23m2d13EmbedLayout_cFv = 0x800c9640
                0x800c9930                        free__Q23m2d13EmbedLayout_cFv = 0x800c9930
                0x800c9560                        execAnimations__Q23m2d13EmbedLayout_cFv = 0x800c9560
                0x80163660                        attachArc__Q23m2d8ResAcc_cFPvPCc = 0x80163660
                0x801637e0                        setSpeed__Q23m2d11FrameCtrl_cFf = 0x801637e0
                0x80163850                        scheduleForDrawing__Q23m2d6Base_cFv = 0x80163850
                0x80093f10                        RenderEffects__Fii = 0x80093f10
                0x80164e70                        RemoveAllFromScnRoot__Fv = 0x80164e70
                0x80164ec0                        Reset3DState__Fv = 0x80164ec0
                0x8024d5d0                        GetRenderModeObj__Q34nw4r3g3d8G3DStateFv = 0x8024d5d0
                0x802537d0                        __ct__Q34nw4r3g3d6CameraFPQ34nw4r3g3d10CameraData = 0x802537d0
                0x80253c70                        SetOrtho__Q34nw4r3g3d6CameraFffffff = 0x80253c70
                0x80253c30                        SetPerspective__Q34nw4r3g3d6CameraFffff = 0x80253c30
                0x80253e20                        SetViewportJitter__Q34nw4r3g3d6CameraFUi = 0x80253e20
                0x802539c0                        SetPosture__Q34nw4r3g3d6CameraFRCQ44nw4r3g3d6Camera11PostureInfo = 0x802539c0
                0x80253950                        SetPosition__Q34nw4r3g3d6CameraFRC7Point3d = 0x80253950
                0x80253be0                        SetCameraMtxDirectly__Q34nw4r3g3d6CameraFRA3_A4_Cf = 0x80253be0
                0x802540b0                        GetCameraMtx__Q34nw4r3g3d6CameraCFPA3_A4_f = 0x802540b0
                0x8023a860                        CheckRevision__Q34nw4r3g3d7ResFileCFv = 0x8023a860
                0x8023a590                        Init__Q34nw4r3g3d7ResFileFv = 0x8023a590
                0x8023a350                        Bind__Q34nw4r3g3d7ResFileFQ34nw4r3g3d7ResFile = 0x8023a350
                0x80239e30                        GetResMdl__Q34nw4r3g3d7ResFileCFPCc = 0x80239e30
                0x80239f20                        GetResTex__Q34nw4r3g3d7ResFileCFPCc = 0x80239f20
                0x8042a3c8                        g3dMemAllocator__Q24nw4r3g3d = 0x8042a3c8
                0x8025ca20                        __ScnMdl__Construct__Q24nw4r3g3dFPvPUiPvUii = 0x8025ca20
                0x8025a380                        __ScnMdlSimple__Construct__Q24nw4r3g3dFPvPUiPvi = 0x8025a380
                0x80164e50                        InsertIntoScene__Q24nw4r3g3dFPv = 0x80164e50
                0x8023b760                        GetResMat__Q34nw4r3g3d6ResMdlCFPCc = 0x8023b760
                0x8023b200                        GetResNode__Q34nw4r3g3d6ResMdlCFPCc = 0x8023b200
                0x80164f50                        DisableIndirectTexturing__3m3dFv = 0x80164f50
                0x802c7c70                        InitTexObjWithResTex__3m3dFP9_GXTexObjPvUiUiUiUi = 0x802c7c70
                0x80164fd0                        setup__Q23m3d6proc_cFPvPUi = 0x80164fd0
                0x8000f720                        returnUnknown__Q23m3d6proc_cFv = 0x8000f720
                0x8016a010                        __ct__Q23m3d9scnLeaf_cFv = 0x8016a010
                0x8016a030                        __dt__Q23m3d9scnLeaf_cFv = 0x8016a030
                0x8016a090                        free__Q23m3d9scnLeaf_cFv = 0x8016a090
[...]
                0x80315b96                        CurrentStartedArea = 0x80315b96
                0x80315b97                        CurrentStartedEntrance = 0x80315b97
                0x800b2ec0                        GetRandomSeed = 0x800b2ec0
                0x80429f44                        RandomSeed = 0x80429f44
                0x800b2ee0                        MakeRandomNumber__Fi = 0x800b2ee0
                0x801613a0                        MakeRandomNumberForTiles__Fi = 0x801613a0
                0x8042792e                        StrangeReplayValue1 = 0x8042792e
                0x80429d69                        StrangeReplayValue2 = 0x80429d69
                0x80429d6a                        StrangeReplayValue3 = 0x80429d6a
                0x801b5f80                        OSGetTime = 0x801b5f80
                0x801b6080                        OSTicksToCalendarTime = 0x801b6080
                0x802e16e8                        snprintf = 0x802e16e8
                0x809246f4                        continueFromReplayHookStart = 0x809246f4
                0x8010212c                        continueFromReplayEndHook = 0x8010212c
                0x800b6070                        returnFromRecorder = 0x800b6070
                0x8091f6fc                        dontSkipReplayPrepare = 0x8091f6fc
                0x8091f91c                        doSkipReplayPrepare = 0x8091f91c
                0x80109340                        GetSomeGlobalClass = 0x80109340
                0x8042a298                        SomeUnknownClass5408 = 0x8042a298
                0x8042a440                        SomeWipeClass = 0x8042a440
                0x800b3b50                        QueryGlobal5758 = 0x800b3b50
                0x809a1de8                        Crsin_EffectResWaitProc = 0x809a1de8
                0x809a1da8                        Crsin_ReplayResWaitProc = 0x809a1da8
                0x80429d5c                        SoundClassRelated = 0x80429d5c
                0x8042a488                        BufferToCheckIfPlaying = 0x8042a488
                0x801954a0                        StopSoundBasic = 0x801954a0
                0x80195f10                        StopSoundRelated = 0x80195f10
                0x8017d520                        GetHermiteCurveValue = 0x8017d520
                0x8017d520                        GetHermiteCurveValue__FfP10HermiteKeyUi = 0x8017d520
                0x8016c890                        SpawnEffect = 0x8016c890
                0x802d7aa0                        __ct__Q23EGG6EffectFv = 0x802d7aa0
                0x80329a20                        __vt__Q23mEf8effect_c = 0x80329a20
                0x80329958                        __vt__Q23mEf3es2 = 0x80329958
                0x80025f60                        __dt__Q23mEf3es2Fv = 0x80025f60
                0x800b3100                        RectanglesOverlap__FP7Point3dP7Point3dP7Point3dP7Point3d = 0x800b3100
                0x802e8614                        fmod = 0x802e8614
                0x800964a0                        usedForDeterminingStatePress_or_playerCollision = 0x800964a0
                0x80097170                        DoStuffAndMarkDead = 0x80097170
                0x8015f4f0                        SmoothRotation = 0x8015f4f0
                0x8006d090                        ClassAt1EC_Init = 0x8006d090
                0x8009ea50                        HandlesOverallScale = 0x8009ea50
                0x800b56e0                        posIsInZone = 0x800b56e0
                0x8042a008                        ScreenPositionClass = 0x8042a008
                0x800d8c60                        ShakeScreen = 0x800d8c60
                0x80ae82a8                        //__vt__9daEnemy_c = 0x80ae82a8
                0x809a54e0                        _vf58__9daEnemy_cFv = 0x809a54e0
                0x809a54d0                        _vf5C__9daEnemy_cFv = 0x809a54d0
                0x809a5520                        _vf68__9daEnemy_cFv = 0x809a5520
                0x809a3550                        ptrToWhichPlayer__9daEnemy_cFv = 0x809a3550
                0x809a5510                        _vf74__9daEnemy_cFv = 0x809a5510
                0x809a5500                        _vf7C__9daEnemy_cFv = 0x809a5500
                0x809a54f0                        _vfB8__9daEnemy_cFv = 0x809a54f0
                0x809a5560                        _vf228__9daEnemy_cFv = 0x809a5560
                0x809a5550                        _vf23C__9daEnemy_cFv = 0x809a5550
                0x809a5540                        _vf240__9daEnemy_cFv = 0x809a5540
                0x809a5530                        _vf244__9daEnemy_cFv = 0x809a5530
                0x809f5ad0                        __ct_11daEnDosun_cFv = 0x809f5ad0
                0x809f5b60                        __ct_14daEnBigDosun_cFv = 0x809f5b60
                0x80ae8268                        __vt__11daEnDosun_c = 0x80ae8268
                0x809f5bf0                        onCreate__11daEnDosun_cFv = 0x809f5bf0
                0x809f5fd0                        onDelete__11daEnDosun_cFv = 0x809f5fd0
                0x809f5e50                        onExecute__11daEnDosun_cFv = 0x809f5e50
                0x809f5ea0                        onDraw__11daEnDosun_cFv = 0x809f5ea0
                0x809f7140                        __dt_11daEnDosun_cFv = 0x809f7140
                0x809f7110                        kill__11daEnDosun_cFv = 0x809f7110
                0x809f6810                        killedByLevelClear__11daEnDosun_cFv = 0x809f6810
                0x809f6050                        collisionCat3_StarPower__11daEnDosun_cFP13ActivePhysicsP13ActivePhysics = 0x809f6050
                0x809f5fe0                        _vf108__11daEnDosun_cFP13ActivePhysicsP13ActivePhysics = 0x809f5fe0
                0x809f7130                        collisionCatD_Drill__11daEnDosun_cFP13ActivePhysicsP13ActivePhysics = 0x809f7130
                0x809f6090                        _vf110__11daEnDosun_cFP13ActivePhysicsP13ActivePhysics = 0x809f6090
                0x809f7120                        collisionCat7_GroundPound__11daEnDosun_cFP13ActivePhysicsP13ActivePhysics = 0x809f7120
                0x809f70a0                        collisionCat9_RollingObject__11daEnDosun_cFP13ActivePhysicsP13ActivePhysics = 0x809f70a0
                0x809f70e0                        collisionCat1_Fireball_E_Explosion__11daEnDosun_cFP13ActivePhysicsP13ActivePhysics = 0x809f70e0
                0x809f70b0                        collisionCat2_IceBall_15_YoshiIce__11daEnDosun_cFP13ActivePhysicsP13ActivePhysics = 0x809f70b0
                0x809f6120                        _vf144__11daEnDosun_cFi = 0x809f6120
                0x809f6e00                        DieFall_Begin__11daEnDosun_cFv = 0x809f6e00
                0x809f6f10                        DieFall_Execute__11daEnDosun_cFv = 0x809f6f10
                0x809f6f00                        DieFall_End__11daEnDosun_cFv = 0x809f6f00
                0x809f7020                        Ice_Begin__11daEnDosun_cFv = 0x809f7020
                0x809f7090                        Ice_Execute__11daEnDosun_cFv = 0x809f7090
                0x809f7080                        Ice_End__11daEnDosun_cFv = 0x809f7080
                0x809f6260                        CreateIceActors__11daEnDosun_cFv = 0x809f6260
                0x809f63f0                        setupBodyModel__11daEnDosun_cFv = 0x809f63f0
                0x809f6530                        s_809F6530__11daEnDosun_cFv = 0x809f6530
                0x809f66a0                        spawnEffects__11daEnDosun_cFv = 0x809f66a0
                0x80b14390                        StateID_UpWait__11daEnDosun_c = 0x80b14390
                0x80b143d0                        StateID_DownMoveWait__11daEnDosun_c = 0x80b143d0
                0x80b14410                        StateID_PuruMove__11daEnDosun_c = 0x80b14410
                0x80b14450                        StateID_DownMove_Kameck__11daEnDosun_c = 0x80b14450
                0x80b14490                        StateID_DownMove__11daEnDosun_c = 0x80b14490
                0x80b144d0                        StateID_DownWait__11daEnDosun_c = 0x80b144d0
                0x80b14510                        StateID_UpMove__11daEnDosun_c = 0x80b14510
                0x80b1454c                        StateID_DieFall__11daEnDosun_c = 0x80b1454c
                0x80b1458c                        StateID_Ice__11daEnDosun_c = 0x80b1458c
                0x809f66a0                        SpawnThwompEffects = 0x809f66a0
                0x80056370                        HurtMarioBecauseOfBeingSquashed = 0x80056370
                0x80429d40                        instance__7StageE4 = 0x80429d40
                0x80066a40                        killAllEnemiesAtLevelEnd__7StageE4Fi = 0x80066a40
                0x809999c8                        JrClownEndDemoState = 0x809999c8
                0x809998c4                        JrClownDemoWaitState = 0x809998c4
                0x80357ddc                        ClownDemoWaitState = 0x80357ddc
                0x80066630                        spawnCoinJump__7StageE4FRC7Point3diii = 0x80066630
                0x800757b0                        sub_800757B0__14collisionMgr_cFP7Point3dPfUcic = 0x800757b0
                0x803da560                        sException__Q24nw4r2dbFv = 0x803da560
                0x80429f7c                        m_instance__10dScStage_c = 0x80429f7c
                0x80101960                        getGameDisplay__10dScStage_cFv = 0x80101960
                0x8042a1a0                        ms_instance__10daWmPlayer_c = 0x8042a1a0
                0x80159ae8                        setTimer__14dGameDisplay_cFi = 0x80159ae8
                0x80101d40                        m_currentTime__14dGameDisplay = 0x80101d40

.text           0x00000000     0x12cc
 FILL mask 0x00000000
                0x00000000                        __text_start = .
 *(.init)
 *(.text)
 .text          0x00000000     0x10e8 tmp\fasthack.o
                0x00000000                preGameLoop
                0x00000038                onGameLoop
                0x00000188                onStageCreated
                0x00000224                GetPlayers__Fv
                0x000002a8                getLevelInfo__FPUiPUiPUc
                0x00000314                SetLives__Fv
                0x00000368                ToggleMods
                0x000005c0                changeActivePhysicsRect
                0x00000668                Grow
                0x000006a4                Shrink
                0x000006e0                SmallerAndNoYoshi
                0x000007c8                NahFuckThat
                0x000008c4                TowerFunc
                0x00000a40                WaterLevel
                0x00000bbc                Worldmapify
 .text          0x000010e8       0x68 tmp\fasthack.o
                0x000010e8                sqrtf__Ff
                0x00001150                        __ctor_loc = .
 *(.ctors)
                0x00001150                        __ctor_end = .
 *(.dtors)
 *(.rodata)
 .rodata        0x00001150       0x38 tmp\fasthack.o
 *(.data)
 .data          0x00001188      0x108 tmp\fasthack.o
 *(.bss)
 .bss           0x00001290       0x3c tmp\fasthack.o
                0x000012b0                Modifiers
                0x000012b8                Players
 *(.fini)
 *(.rodata.*)
                0x000012cc                        __text_end = .
LOAD tmp\fasthack.o
OUTPUT(PA_ASM/n_ntsc2_object.plf elf32-powerpc)

.line           0x00000000      0x6b4
 .line          0x00000000      0x6b4 tmp\fasthack.o
                0x00000008                .line.preGameLoop
                0x00000030                .line.onGameLoop
                0x00000116                .line.onStageCreated
                0x0000015c                .line.GetPlayers__Fv
                0x000001a2                .line.getLevelInfo__FPUiPUiPUc
                0x00000206                .line.SetLives__Fv
                0x00000242                .line.ToggleMods
                0x000002d8                .line.changeActivePhysicsRect
                0x0000036e                .line.Grow
                0x0000038c                .line.Shrink
                0x000003aa                .line.SmallerAndNoYoshi
                0x0000040e                .line.NahFuckThat
                0x00000486                .line.TowerFunc
                0x000004ea                .line.WaterLevel
                0x00000544                .line.Worldmapify
                0x0000068c                .line.sqrtf__Ff

.debug          0x00000000     0xe7ac
 .debug         0x00000000     0xe7ac tmp\fasthack.o
                0x000000bc                .dwarf.0013.TreeNode::TreeNode
                0x000001db                .dwarf.0013.LinkListEntry::LinkListEntry
                0x000002aa                .dwarf.0013.OrderedLinkListEntry::OrderedLinkListEntry
                0x0000034c                .dwarf.0017..3209
                0x000003ba                .dwarf.0004.Actors
                0x00003df6                .dwarf.0002.fBase_c::fBase_c
                0x00004234                .dwarf.0002.dBase_c::dBase_c
                0x000043a3                .dwarf.0013.S16Vec::S16Vec
                0x00004874                .dwarf.0002.mMtx::mMtx
                0x000049b2                .dwarf.0002.dActor_c::dActor_c
                0x00004d35                .dwarf.0013.Point2d::Point2d
                0x00004f86                .dwarf.0002.ActivePhysics::ActivePhysics
                0x000054f7                .dwarf.0013.lineSensor_s::lineSensor_s
                0x000056ba                .dwarf.0013.pointSensor_s::pointSensor_s
                0x00005765                .dwarf.0013.sensorBase_s::sensorBase_s
                0x0000583a                .dwarf.0013.Physics::Unknown::Unknown
                0x00005ce1                .dwarf.0013.Physics::Info::Info
                0x00005f79                .dwarf.0002.Physics::Physics
                0x000068d8                .dwarf.0013.collisionMgr_c::slopeParams_s::slopeParams_s
                0x00006b8f                .dwarf.0013.vLine_s::vLine_s
                0x00006c7b                .dwarf.0013.hLine_s::hLine_s
                0x00007415                .dwarf.0002.collisionMgr_c::collisionMgr_c
                0x00008635                .dwarf.0002.dStageActor_c::dStageActor_c
                0x00009324                .dwarf.0004.dPlayerInput_c::Flags
                0x000094b5                .dwarf.0002.dPlayerInput_c::dPlayerInput_c
                0x00009917                .dwarf.0002.dStatePointless_c::dStatePointless_c
                0x00009a8f                .dwarf.0002.dStateMethodExecutorBase_c::dStateMethodExecutorBase_c
                0x00009cfb                .dwarf.0002.dStateBase_c::dStateBase_c
                0x00009e21                .dwarf.0002.dStateExecutorBase_c::dStateExecutorBase_c
                0x00009e7a                .dwarf.0002.dState_c<10daPlBase_c>::dState_c
                0x00009f6b                .dwarf.0002.dStateMethodExecutor_c<10daPlBase_c>::dStateMethodExecutor_c
                0x0000a12f                .dwarf.0002.dStateExecutor_c<10daPlBase_c>::dStateExecutor_c
                0x0000a3a2                .dwarf.0002.dStateMgrBase_c::dStateMgrBase_c
                0x0000a769                .dwarf.0002.dStateMgr_c::dStateMgr_c
                0x0000a95d                .dwarf.0002.dStateWrapperBase_c<10daPlBase_c>::dStateWrapperBase_c
                0x0000ab15                .dwarf.0002.dStateWrapper_c<10daPlBase_c>::dStateWrapper_c
                0x0000ad44                .dwarf.0002.daPlBase_c::daPlBase_c
                0x0000af75                .dwarf.0007.YoshiPtr
                0x0000af9b                .dwarf.0007.MarPow
                0x0000afbd                .dwarf.0007.LuiPow
                0x0000afdf                .dwarf.0007.YTPow
                0x0000b000                .dwarf.0007.BTPow
                0x0000b021                .dwarf.0006.preGameLoop
                0x0000b04d                .dwarf.0006.onGameLoop
                0x0000b0a7                .dwarf.0006.onStageCreated
                0x0000b134                .dwarf.0007.Modifiers
                0x0000b2a1                .dwarf.0002.daYoshi_c::daYoshi_c
                0x0000b465                .dwarf.0002.dAc_Py_c::dAc_Py_c
                0x0000b5a8                .dwarf.0007.Players
                0x0000b5cd                .dwarf.0006.GetPlayers__Fv
                0x0000b6f7                .dwarf.0002.nw4r::ut::LinkListNode::LinkListNode
                0x0000b79c                .dwarf.0002.nw4r::ut::LinkList::LinkList
                0x0000b88b                .dwarf.0013.TPLTexHeader::TPLTexHeader
                0x0000bad1                .dwarf.0013.TPLPalHeader::TPLPalHeader
                0x0000bb49                .dwarf.0013.TPLImage::TPLImage
                0x0000bbf0                .dwarf.0013.TPLPalette::TPLPalette
                0x0000bcfa                .dwarf.0002.nw4r::lyt::TexMap::TexMap
                0x0000bf09                .dwarf.0002.nw4r::lyt::Material::Material
                0x0000c049                .dwarf.0002.nw4r::lyt::AnimationLink::AnimationLink
                0x0000c0c7                .dwarf.0002.nw4r::ut::Rect::Rect
                0x0000c201                .dwarf.0002.nw4r::lyt::DrawInfo::DrawInfo
                0x0000c467                .dwarf.0002.nw4r::lyt::AnimTransform::AnimTransform
                0x0000c500                .dwarf.0002.nw4r::lyt::AnimResource::AnimResource
                0x0000c886                .dwarf.0013._gx_color::_gx_color
                0x0000c988                .dwarf.0002.nw4r::ut::Color::Color
                0x0000cb71                .dwarf.0002.nw4r::lyt::Pane::Pane
                0x0000d169                .dwarf.0002.nw4r::lyt::TextBox::TextBox
                0x0000d3fb                .dwarf.0002.dGameDisplay_c::dGameDisplay_c
                0x0000d49d                .dwarf.0002.dScStage_c::dScStage_c
                0x0000d652                .dwarf.0006.getLevelInfo__FPUiPUiPUc
                0x0000d729                .dwarf.0006.SetLives__Fv
                0x0000d761                .dwarf.0006.ToggleMods
                0x0000d87c                .dwarf.0013.ActivePhysics::Info::Info
                0x0000da44                .dwarf.0006.changeActivePhysicsRect
                0x0000db58                .dwarf.0006.Grow
                0x0000db7d                .dwarf.0006.Shrink
                0x0000dba4                .dwarf.0006.SmallerAndNoYoshi
                0x0000dc03                .dwarf.0006.NahFuckThat
                0x0000dc2f                .dwarf.0006.TowerFunc
                0x0000dcce                .dwarf.0006.WaterLevel
                0x0000ddb2                .dwarf.0013.Point3d::Point3d
                0x0000de35                .dwarf.0006.Worldmapify
                0x0000dff6                .dwarf.0013.Remocon::Remocon
                0x0000e557                .dwarf.0013.RemoconMngClass::RemoconMngClass
                0x0000e5d2                .dwarf.0007.RemoconMng
                0x0000e5fd                .dwarf.0007.ActiveWiimoteID
                0x0000e648                .dwarf.0007.Player_Lives
                0x0000e672                .dwarf.0007.m_instance__10dScStage_c
                0x0000e74e                .dwarf.0006.sqrtf__Ff

.comment        0x00000000     0x16c4
 .comment       0x00000000     0x16c4 tmp\fasthack.o
